Archive member included to satisfy reference by file (symbol)

c:/progra~2/gnuarm~1/102021~1.10/bin/../lib/gcc/arm-none-eabi/10.3.1/../../../../arm-none-eabi/lib/thumb/v7-m/nofp\libg.a(lib_a-errno.o)
                              CMakeFiles\Ant.elf.dir\Core\Src\syscalls.c.obj (__errno)
c:/progra~2/gnuarm~1/102021~1.10/bin/../lib/gcc/arm-none-eabi/10.3.1/../../../../arm-none-eabi/lib/thumb/v7-m/nofp\libg.a(lib_a-exit.o)
                              c:/progra~2/gnuarm~1/102021~1.10/bin/../lib/gcc/arm-none-eabi/10.3.1/../../../../arm-none-eabi/lib/thumb/v7-m/nofp/crt0.o (exit)
c:/progra~2/gnuarm~1/102021~1.10/bin/../lib/gcc/arm-none-eabi/10.3.1/../../../../arm-none-eabi/lib/thumb/v7-m/nofp\libg.a(lib_a-impure.o)
                              c:/progra~2/gnuarm~1/102021~1.10/bin/../lib/gcc/arm-none-eabi/10.3.1/../../../../arm-none-eabi/lib/thumb/v7-m/nofp\libg.a(lib_a-exit.o) (_global_impure_ptr)
c:/progra~2/gnuarm~1/102021~1.10/bin/../lib/gcc/arm-none-eabi/10.3.1/../../../../arm-none-eabi/lib/thumb/v7-m/nofp\libg.a(lib_a-init.o)
                              c:/progra~2/gnuarm~1/102021~1.10/bin/../lib/gcc/arm-none-eabi/10.3.1/../../../../arm-none-eabi/lib/thumb/v7-m/nofp/crt0.o (__libc_init_array)
c:/progra~2/gnuarm~1/102021~1.10/bin/../lib/gcc/arm-none-eabi/10.3.1/../../../../arm-none-eabi/lib/thumb/v7-m/nofp\libg.a(lib_a-memset.o)
                              c:/progra~2/gnuarm~1/102021~1.10/bin/../lib/gcc/arm-none-eabi/10.3.1/../../../../arm-none-eabi/lib/thumb/v7-m/nofp/crt0.o (memset)
c:/progra~2/gnuarm~1/102021~1.10/bin/../lib/gcc/arm-none-eabi/10.3.1/../../../../arm-none-eabi/lib/thumb/v7-m/nofp\libg.a(lib_a-__call_atexit.o)
                              c:/progra~2/gnuarm~1/102021~1.10/bin/../lib/gcc/arm-none-eabi/10.3.1/../../../../arm-none-eabi/lib/thumb/v7-m/nofp\libg.a(lib_a-exit.o) (__call_exitprocs)
c:/progra~2/gnuarm~1/102021~1.10/bin/../lib/gcc/arm-none-eabi/10.3.1/../../../../arm-none-eabi/lib/thumb/v7-m/nofp\libg.a(lib_a-atexit.o)
                              c:/progra~2/gnuarm~1/102021~1.10/bin/../lib/gcc/arm-none-eabi/10.3.1/../../../../arm-none-eabi/lib/thumb/v7-m/nofp\libg.a(lib_a-__call_atexit.o) (atexit)
c:/progra~2/gnuarm~1/102021~1.10/bin/../lib/gcc/arm-none-eabi/10.3.1/../../../../arm-none-eabi/lib/thumb/v7-m/nofp\libg.a(lib_a-fini.o)
                              c:/progra~2/gnuarm~1/102021~1.10/bin/../lib/gcc/arm-none-eabi/10.3.1/../../../../arm-none-eabi/lib/thumb/v7-m/nofp\libg.a(lib_a-__call_atexit.o) (__libc_fini_array)
c:/progra~2/gnuarm~1/102021~1.10/bin/../lib/gcc/arm-none-eabi/10.3.1/../../../../arm-none-eabi/lib/thumb/v7-m/nofp\libg.a(lib_a-lock.o)
                              c:/progra~2/gnuarm~1/102021~1.10/bin/../lib/gcc/arm-none-eabi/10.3.1/../../../../arm-none-eabi/lib/thumb/v7-m/nofp\libg.a(lib_a-__call_atexit.o) (__retarget_lock_acquire_recursive)
c:/progra~2/gnuarm~1/102021~1.10/bin/../lib/gcc/arm-none-eabi/10.3.1/../../../../arm-none-eabi/lib/thumb/v7-m/nofp\libg.a(lib_a-__atexit.o)
                              c:/progra~2/gnuarm~1/102021~1.10/bin/../lib/gcc/arm-none-eabi/10.3.1/../../../../arm-none-eabi/lib/thumb/v7-m/nofp\libg.a(lib_a-atexit.o) (__register_exitproc)

Discarded input sections

 .text          0x00000000        0x0 c:/progra~2/gnuarm~1/102021~1.10/bin/../lib/gcc/arm-none-eabi/10.3.1/thumb/v7-m/nofp/crti.o
 .data          0x00000000        0x0 c:/progra~2/gnuarm~1/102021~1.10/bin/../lib/gcc/arm-none-eabi/10.3.1/thumb/v7-m/nofp/crti.o
 .bss           0x00000000        0x0 c:/progra~2/gnuarm~1/102021~1.10/bin/../lib/gcc/arm-none-eabi/10.3.1/thumb/v7-m/nofp/crti.o
 .data          0x00000000        0x4 c:/progra~2/gnuarm~1/102021~1.10/bin/../lib/gcc/arm-none-eabi/10.3.1/thumb/v7-m/nofp/crtbegin.o
 .rodata        0x00000000       0x24 c:/progra~2/gnuarm~1/102021~1.10/bin/../lib/gcc/arm-none-eabi/10.3.1/thumb/v7-m/nofp/crtbegin.o
 .text          0x00000000       0x7c c:/progra~2/gnuarm~1/102021~1.10/bin/../lib/gcc/arm-none-eabi/10.3.1/../../../../arm-none-eabi/lib/thumb/v7-m/nofp/crt0.o
 .data          0x00000000        0x0 c:/progra~2/gnuarm~1/102021~1.10/bin/../lib/gcc/arm-none-eabi/10.3.1/../../../../arm-none-eabi/lib/thumb/v7-m/nofp/crt0.o
 .bss           0x00000000        0x0 c:/progra~2/gnuarm~1/102021~1.10/bin/../lib/gcc/arm-none-eabi/10.3.1/../../../../arm-none-eabi/lib/thumb/v7-m/nofp/crt0.o
 .ARM.extab     0x00000000        0x0 c:/progra~2/gnuarm~1/102021~1.10/bin/../lib/gcc/arm-none-eabi/10.3.1/../../../../arm-none-eabi/lib/thumb/v7-m/nofp/crt0.o
 .ARM.exidx     0x00000000       0x10 c:/progra~2/gnuarm~1/102021~1.10/bin/../lib/gcc/arm-none-eabi/10.3.1/../../../../arm-none-eabi/lib/thumb/v7-m/nofp/crt0.o
 .ARM.attributes
                0x00000000       0x1b c:/progra~2/gnuarm~1/102021~1.10/bin/../lib/gcc/arm-none-eabi/10.3.1/../../../../arm-none-eabi/lib/thumb/v7-m/nofp/crt0.o
 .text          0x00000000        0x0 CMakeFiles\Ant.elf.dir\Core\Src\main.c.obj
 .data          0x00000000        0x0 CMakeFiles\Ant.elf.dir\Core\Src\main.c.obj
 .bss           0x00000000        0x0 CMakeFiles\Ant.elf.dir\Core\Src\main.c.obj
 .text          0x00000000        0x0 CMakeFiles\Ant.elf.dir\Core\Src\stm32f1xx_hal_msp.c.obj
 .data          0x00000000        0x0 CMakeFiles\Ant.elf.dir\Core\Src\stm32f1xx_hal_msp.c.obj
 .bss           0x00000000        0x0 CMakeFiles\Ant.elf.dir\Core\Src\stm32f1xx_hal_msp.c.obj
 .text          0x00000000        0x0 CMakeFiles\Ant.elf.dir\Core\Src\stm32f1xx_it.c.obj
 .data          0x00000000        0x0 CMakeFiles\Ant.elf.dir\Core\Src\stm32f1xx_it.c.obj
 .bss           0x00000000        0x0 CMakeFiles\Ant.elf.dir\Core\Src\stm32f1xx_it.c.obj
 .text          0x00000000        0x0 CMakeFiles\Ant.elf.dir\Core\Src\syscalls.c.obj
 .data          0x00000000        0x0 CMakeFiles\Ant.elf.dir\Core\Src\syscalls.c.obj
 .bss           0x00000000        0x0 CMakeFiles\Ant.elf.dir\Core\Src\syscalls.c.obj
 .text.initialise_monitor_handles
                0x00000000        0x2 CMakeFiles\Ant.elf.dir\Core\Src\syscalls.c.obj
 .text._getpid  0x00000000        0x4 CMakeFiles\Ant.elf.dir\Core\Src\syscalls.c.obj
 .text._kill    0x00000000       0x10 CMakeFiles\Ant.elf.dir\Core\Src\syscalls.c.obj
 .text._exit    0x00000000        0xc CMakeFiles\Ant.elf.dir\Core\Src\syscalls.c.obj
 .text._read    0x00000000       0x20 CMakeFiles\Ant.elf.dir\Core\Src\syscalls.c.obj
 .text._write   0x00000000       0x1c CMakeFiles\Ant.elf.dir\Core\Src\syscalls.c.obj
 .text._sbrk    0x00000000       0x3c CMakeFiles\Ant.elf.dir\Core\Src\syscalls.c.obj
 .text._close   0x00000000        0x6 CMakeFiles\Ant.elf.dir\Core\Src\syscalls.c.obj
 .text._fstat   0x00000000        0xa CMakeFiles\Ant.elf.dir\Core\Src\syscalls.c.obj
 .text._isatty  0x00000000        0x4 CMakeFiles\Ant.elf.dir\Core\Src\syscalls.c.obj
 .text._lseek   0x00000000        0x4 CMakeFiles\Ant.elf.dir\Core\Src\syscalls.c.obj
 .text._open    0x00000000        0xa CMakeFiles\Ant.elf.dir\Core\Src\syscalls.c.obj
 .text._wait    0x00000000       0x10 CMakeFiles\Ant.elf.dir\Core\Src\syscalls.c.obj
 .text._unlink  0x00000000       0x10 CMakeFiles\Ant.elf.dir\Core\Src\syscalls.c.obj
 .text._times   0x00000000        0x6 CMakeFiles\Ant.elf.dir\Core\Src\syscalls.c.obj
 .text._stat    0x00000000        0xa CMakeFiles\Ant.elf.dir\Core\Src\syscalls.c.obj
 .text._link    0x00000000       0x10 CMakeFiles\Ant.elf.dir\Core\Src\syscalls.c.obj
 .text._fork    0x00000000       0x10 CMakeFiles\Ant.elf.dir\Core\Src\syscalls.c.obj
 .text._execve  0x00000000       0x10 CMakeFiles\Ant.elf.dir\Core\Src\syscalls.c.obj
 .bss.__env     0x00000000        0x4 CMakeFiles\Ant.elf.dir\Core\Src\syscalls.c.obj
 .bss.heap_end.0
                0x00000000        0x4 CMakeFiles\Ant.elf.dir\Core\Src\syscalls.c.obj
 .data.environ  0x00000000        0x4 CMakeFiles\Ant.elf.dir\Core\Src\syscalls.c.obj
 .debug_info    0x00000000      0x835 CMakeFiles\Ant.elf.dir\Core\Src\syscalls.c.obj
 .debug_abbrev  0x00000000      0x1da CMakeFiles\Ant.elf.dir\Core\Src\syscalls.c.obj
 .debug_loc     0x00000000      0x436 CMakeFiles\Ant.elf.dir\Core\Src\syscalls.c.obj
 .debug_aranges
                0x00000000       0xb0 CMakeFiles\Ant.elf.dir\Core\Src\syscalls.c.obj
 .debug_ranges  0x00000000       0xa0 CMakeFiles\Ant.elf.dir\Core\Src\syscalls.c.obj
 .debug_line    0x00000000      0x456 CMakeFiles\Ant.elf.dir\Core\Src\syscalls.c.obj
 .debug_str     0x00000000      0x46c CMakeFiles\Ant.elf.dir\Core\Src\syscalls.c.obj
 .comment       0x00000000       0x4a CMakeFiles\Ant.elf.dir\Core\Src\syscalls.c.obj
 .debug_frame   0x00000000      0x1a8 CMakeFiles\Ant.elf.dir\Core\Src\syscalls.c.obj
 .ARM.attributes
                0x00000000       0x2d CMakeFiles\Ant.elf.dir\Core\Src\syscalls.c.obj
 .text          0x00000000        0x0 CMakeFiles\Ant.elf.dir\Core\Src\system_stm32f1xx.c.obj
 .data          0x00000000        0x0 CMakeFiles\Ant.elf.dir\Core\Src\system_stm32f1xx.c.obj
 .bss           0x00000000        0x0 CMakeFiles\Ant.elf.dir\Core\Src\system_stm32f1xx.c.obj
 .text.SystemCoreClockUpdate
                0x00000000       0x94 CMakeFiles\Ant.elf.dir\Core\Src\system_stm32f1xx.c.obj
 .rodata.APBPrescTable
                0x00000000        0x8 CMakeFiles\Ant.elf.dir\Core\Src\system_stm32f1xx.c.obj
 .text          0x00000000        0x0 CMakeFiles\Ant.elf.dir\Drivers\STM32F1xx_HAL_Driver\Src\stm32f1xx_hal.c.obj
 .data          0x00000000        0x0 CMakeFiles\Ant.elf.dir\Drivers\STM32F1xx_HAL_Driver\Src\stm32f1xx_hal.c.obj
 .bss           0x00000000        0x0 CMakeFiles\Ant.elf.dir\Drivers\STM32F1xx_HAL_Driver\Src\stm32f1xx_hal.c.obj
 .text.HAL_MspInit
                0x00000000        0x2 CMakeFiles\Ant.elf.dir\Drivers\STM32F1xx_HAL_Driver\Src\stm32f1xx_hal.c.obj
 .text.HAL_MspDeInit
                0x00000000        0x2 CMakeFiles\Ant.elf.dir\Drivers\STM32F1xx_HAL_Driver\Src\stm32f1xx_hal.c.obj
 .text.HAL_DeInit
                0x00000000       0x20 CMakeFiles\Ant.elf.dir\Drivers\STM32F1xx_HAL_Driver\Src\stm32f1xx_hal.c.obj
 .text.HAL_GetTickPrio
                0x00000000        0xc CMakeFiles\Ant.elf.dir\Drivers\STM32F1xx_HAL_Driver\Src\stm32f1xx_hal.c.obj
 .text.HAL_SetTickFreq
                0x00000000       0x2c CMakeFiles\Ant.elf.dir\Drivers\STM32F1xx_HAL_Driver\Src\stm32f1xx_hal.c.obj
 .text.HAL_GetTickFreq
                0x00000000        0xc CMakeFiles\Ant.elf.dir\Drivers\STM32F1xx_HAL_Driver\Src\stm32f1xx_hal.c.obj
 .text.HAL_Delay
                0x00000000       0x28 CMakeFiles\Ant.elf.dir\Drivers\STM32F1xx_HAL_Driver\Src\stm32f1xx_hal.c.obj
 .text.HAL_SuspendTick
                0x00000000        0xe CMakeFiles\Ant.elf.dir\Drivers\STM32F1xx_HAL_Driver\Src\stm32f1xx_hal.c.obj
 .text.HAL_ResumeTick
                0x00000000        0xe CMakeFiles\Ant.elf.dir\Drivers\STM32F1xx_HAL_Driver\Src\stm32f1xx_hal.c.obj
 .text.HAL_GetHalVersion
                0x00000000        0x8 CMakeFiles\Ant.elf.dir\Drivers\STM32F1xx_HAL_Driver\Src\stm32f1xx_hal.c.obj
 .text.HAL_GetREVID
                0x00000000        0xc CMakeFiles\Ant.elf.dir\Drivers\STM32F1xx_HAL_Driver\Src\stm32f1xx_hal.c.obj
 .text.HAL_GetDEVID
                0x00000000       0x10 CMakeFiles\Ant.elf.dir\Drivers\STM32F1xx_HAL_Driver\Src\stm32f1xx_hal.c.obj
 .text.HAL_GetUIDw0
                0x00000000        0xc CMakeFiles\Ant.elf.dir\Drivers\STM32F1xx_HAL_Driver\Src\stm32f1xx_hal.c.obj
 .text.HAL_GetUIDw1
                0x00000000        0xc CMakeFiles\Ant.elf.dir\Drivers\STM32F1xx_HAL_Driver\Src\stm32f1xx_hal.c.obj
 .text.HAL_GetUIDw2
                0x00000000        0xc CMakeFiles\Ant.elf.dir\Drivers\STM32F1xx_HAL_Driver\Src\stm32f1xx_hal.c.obj
 .text.HAL_DBGMCU_EnableDBGSleepMode
                0x00000000       0x10 CMakeFiles\Ant.elf.dir\Drivers\STM32F1xx_HAL_Driver\Src\stm32f1xx_hal.c.obj
 .text.HAL_DBGMCU_DisableDBGSleepMode
                0x00000000       0x10 CMakeFiles\Ant.elf.dir\Drivers\STM32F1xx_HAL_Driver\Src\stm32f1xx_hal.c.obj
 .text.HAL_DBGMCU_EnableDBGStopMode
                0x00000000       0x10 CMakeFiles\Ant.elf.dir\Drivers\STM32F1xx_HAL_Driver\Src\stm32f1xx_hal.c.obj
 .text.HAL_DBGMCU_DisableDBGStopMode
                0x00000000       0x10 CMakeFiles\Ant.elf.dir\Drivers\STM32F1xx_HAL_Driver\Src\stm32f1xx_hal.c.obj
 .text.HAL_DBGMCU_EnableDBGStandbyMode
                0x00000000       0x10 CMakeFiles\Ant.elf.dir\Drivers\STM32F1xx_HAL_Driver\Src\stm32f1xx_hal.c.obj
 .text.HAL_DBGMCU_DisableDBGStandbyMode
                0x00000000       0x10 CMakeFiles\Ant.elf.dir\Drivers\STM32F1xx_HAL_Driver\Src\stm32f1xx_hal.c.obj
 .text          0x00000000        0x0 CMakeFiles\Ant.elf.dir\Drivers\STM32F1xx_HAL_Driver\Src\stm32f1xx_hal_cortex.c.obj
 .data          0x00000000        0x0 CMakeFiles\Ant.elf.dir\Drivers\STM32F1xx_HAL_Driver\Src\stm32f1xx_hal_cortex.c.obj
 .bss           0x00000000        0x0 CMakeFiles\Ant.elf.dir\Drivers\STM32F1xx_HAL_Driver\Src\stm32f1xx_hal_cortex.c.obj
 .text.HAL_NVIC_EnableIRQ
                0x00000000       0x1c CMakeFiles\Ant.elf.dir\Drivers\STM32F1xx_HAL_Driver\Src\stm32f1xx_hal_cortex.c.obj
 .text.HAL_NVIC_DisableIRQ
                0x00000000       0x24 CMakeFiles\Ant.elf.dir\Drivers\STM32F1xx_HAL_Driver\Src\stm32f1xx_hal_cortex.c.obj
 .text.HAL_NVIC_SystemReset
                0x00000000       0x24 CMakeFiles\Ant.elf.dir\Drivers\STM32F1xx_HAL_Driver\Src\stm32f1xx_hal_cortex.c.obj
 .text.HAL_NVIC_GetPriorityGrouping
                0x00000000       0x10 CMakeFiles\Ant.elf.dir\Drivers\STM32F1xx_HAL_Driver\Src\stm32f1xx_hal_cortex.c.obj
 .text.HAL_NVIC_GetPriority
                0x00000000       0x60 CMakeFiles\Ant.elf.dir\Drivers\STM32F1xx_HAL_Driver\Src\stm32f1xx_hal_cortex.c.obj
 .text.HAL_NVIC_SetPendingIRQ
                0x00000000       0x1c CMakeFiles\Ant.elf.dir\Drivers\STM32F1xx_HAL_Driver\Src\stm32f1xx_hal_cortex.c.obj
 .text.HAL_NVIC_GetPendingIRQ
                0x00000000       0x24 CMakeFiles\Ant.elf.dir\Drivers\STM32F1xx_HAL_Driver\Src\stm32f1xx_hal_cortex.c.obj
 .text.HAL_NVIC_ClearPendingIRQ
                0x00000000       0x1c CMakeFiles\Ant.elf.dir\Drivers\STM32F1xx_HAL_Driver\Src\stm32f1xx_hal_cortex.c.obj
 .text.HAL_NVIC_GetActive
                0x00000000       0x24 CMakeFiles\Ant.elf.dir\Drivers\STM32F1xx_HAL_Driver\Src\stm32f1xx_hal_cortex.c.obj
 .text.HAL_SYSTICK_CLKSourceConfig
                0x00000000       0x20 CMakeFiles\Ant.elf.dir\Drivers\STM32F1xx_HAL_Driver\Src\stm32f1xx_hal_cortex.c.obj
 .text.HAL_SYSTICK_Callback
                0x00000000        0x2 CMakeFiles\Ant.elf.dir\Drivers\STM32F1xx_HAL_Driver\Src\stm32f1xx_hal_cortex.c.obj
 .text.HAL_SYSTICK_IRQHandler
                0x00000000        0x8 CMakeFiles\Ant.elf.dir\Drivers\STM32F1xx_HAL_Driver\Src\stm32f1xx_hal_cortex.c.obj
 .text          0x00000000        0x0 CMakeFiles\Ant.elf.dir\Drivers\STM32F1xx_HAL_Driver\Src\stm32f1xx_hal_dma.c.obj
 .data          0x00000000        0x0 CMakeFiles\Ant.elf.dir\Drivers\STM32F1xx_HAL_Driver\Src\stm32f1xx_hal_dma.c.obj
 .bss           0x00000000        0x0 CMakeFiles\Ant.elf.dir\Drivers\STM32F1xx_HAL_Driver\Src\stm32f1xx_hal_dma.c.obj
 .text.DMA_SetConfig
                0x00000000       0x2c CMakeFiles\Ant.elf.dir\Drivers\STM32F1xx_HAL_Driver\Src\stm32f1xx_hal_dma.c.obj
 .text.HAL_DMA_Init
                0x00000000       0x6c CMakeFiles\Ant.elf.dir\Drivers\STM32F1xx_HAL_Driver\Src\stm32f1xx_hal_dma.c.obj
 .text.HAL_DMA_DeInit
                0x00000000       0x68 CMakeFiles\Ant.elf.dir\Drivers\STM32F1xx_HAL_Driver\Src\stm32f1xx_hal_dma.c.obj
 .text.HAL_DMA_Start
                0x00000000       0x50 CMakeFiles\Ant.elf.dir\Drivers\STM32F1xx_HAL_Driver\Src\stm32f1xx_hal_dma.c.obj
 .text.HAL_DMA_Start_IT
                0x00000000       0x74 CMakeFiles\Ant.elf.dir\Drivers\STM32F1xx_HAL_Driver\Src\stm32f1xx_hal_dma.c.obj
 .text.HAL_DMA_Abort
                0x00000000       0x44 CMakeFiles\Ant.elf.dir\Drivers\STM32F1xx_HAL_Driver\Src\stm32f1xx_hal_dma.c.obj
 .text.HAL_DMA_Abort_IT
                0x00000000       0x98 CMakeFiles\Ant.elf.dir\Drivers\STM32F1xx_HAL_Driver\Src\stm32f1xx_hal_dma.c.obj
 .text.HAL_DMA_PollForTransfer
                0x00000000      0x22c CMakeFiles\Ant.elf.dir\Drivers\STM32F1xx_HAL_Driver\Src\stm32f1xx_hal_dma.c.obj
 .text.HAL_DMA_IRQHandler
                0x00000000      0x144 CMakeFiles\Ant.elf.dir\Drivers\STM32F1xx_HAL_Driver\Src\stm32f1xx_hal_dma.c.obj
 .text.HAL_DMA_RegisterCallback
                0x00000000       0x4a CMakeFiles\Ant.elf.dir\Drivers\STM32F1xx_HAL_Driver\Src\stm32f1xx_hal_dma.c.obj
 .text.HAL_DMA_UnRegisterCallback
                0x00000000       0x5a CMakeFiles\Ant.elf.dir\Drivers\STM32F1xx_HAL_Driver\Src\stm32f1xx_hal_dma.c.obj
 .text.HAL_DMA_GetState
                0x00000000        0x6 CMakeFiles\Ant.elf.dir\Drivers\STM32F1xx_HAL_Driver\Src\stm32f1xx_hal_dma.c.obj
 .text.HAL_DMA_GetError
                0x00000000        0x4 CMakeFiles\Ant.elf.dir\Drivers\STM32F1xx_HAL_Driver\Src\stm32f1xx_hal_dma.c.obj
 .debug_info    0x00000000      0x846 CMakeFiles\Ant.elf.dir\Drivers\STM32F1xx_HAL_Driver\Src\stm32f1xx_hal_dma.c.obj
 .debug_abbrev  0x00000000      0x223 CMakeFiles\Ant.elf.dir\Drivers\STM32F1xx_HAL_Driver\Src\stm32f1xx_hal_dma.c.obj
 .debug_loc     0x00000000      0x7d1 CMakeFiles\Ant.elf.dir\Drivers\STM32F1xx_HAL_Driver\Src\stm32f1xx_hal_dma.c.obj
 .debug_aranges
                0x00000000       0x80 CMakeFiles\Ant.elf.dir\Drivers\STM32F1xx_HAL_Driver\Src\stm32f1xx_hal_dma.c.obj
 .debug_ranges  0x00000000       0x70 CMakeFiles\Ant.elf.dir\Drivers\STM32F1xx_HAL_Driver\Src\stm32f1xx_hal_dma.c.obj
 .debug_line    0x00000000      0xa91 CMakeFiles\Ant.elf.dir\Drivers\STM32F1xx_HAL_Driver\Src\stm32f1xx_hal_dma.c.obj
 .debug_str     0x00000000      0x649 CMakeFiles\Ant.elf.dir\Drivers\STM32F1xx_HAL_Driver\Src\stm32f1xx_hal_dma.c.obj
 .comment       0x00000000       0x4a CMakeFiles\Ant.elf.dir\Drivers\STM32F1xx_HAL_Driver\Src\stm32f1xx_hal_dma.c.obj
 .debug_frame   0x00000000      0x144 CMakeFiles\Ant.elf.dir\Drivers\STM32F1xx_HAL_Driver\Src\stm32f1xx_hal_dma.c.obj
 .ARM.attributes
                0x00000000       0x2d CMakeFiles\Ant.elf.dir\Drivers\STM32F1xx_HAL_Driver\Src\stm32f1xx_hal_dma.c.obj
 .text          0x00000000        0x0 CMakeFiles\Ant.elf.dir\Drivers\STM32F1xx_HAL_Driver\Src\stm32f1xx_hal_exti.c.obj
 .data          0x00000000        0x0 CMakeFiles\Ant.elf.dir\Drivers\STM32F1xx_HAL_Driver\Src\stm32f1xx_hal_exti.c.obj
 .bss           0x00000000        0x0 CMakeFiles\Ant.elf.dir\Drivers\STM32F1xx_HAL_Driver\Src\stm32f1xx_hal_exti.c.obj
 .text.HAL_EXTI_SetConfigLine
                0x00000000       0xd8 CMakeFiles\Ant.elf.dir\Drivers\STM32F1xx_HAL_Driver\Src\stm32f1xx_hal_exti.c.obj
 .text.HAL_EXTI_GetConfigLine
                0x00000000       0xac CMakeFiles\Ant.elf.dir\Drivers\STM32F1xx_HAL_Driver\Src\stm32f1xx_hal_exti.c.obj
 .text.HAL_EXTI_ClearConfigLine
                0x00000000       0x88 CMakeFiles\Ant.elf.dir\Drivers\STM32F1xx_HAL_Driver\Src\stm32f1xx_hal_exti.c.obj
 .text.HAL_EXTI_RegisterCallback
                0x00000000        0xe CMakeFiles\Ant.elf.dir\Drivers\STM32F1xx_HAL_Driver\Src\stm32f1xx_hal_exti.c.obj
 .text.HAL_EXTI_GetHandle
                0x00000000        0xc CMakeFiles\Ant.elf.dir\Drivers\STM32F1xx_HAL_Driver\Src\stm32f1xx_hal_exti.c.obj
 .text.HAL_EXTI_IRQHandler
                0x00000000       0x24 CMakeFiles\Ant.elf.dir\Drivers\STM32F1xx_HAL_Driver\Src\stm32f1xx_hal_exti.c.obj
 .text.HAL_EXTI_GetPending
                0x00000000       0x1c CMakeFiles\Ant.elf.dir\Drivers\STM32F1xx_HAL_Driver\Src\stm32f1xx_hal_exti.c.obj
 .text.HAL_EXTI_ClearPending
                0x00000000       0x14 CMakeFiles\Ant.elf.dir\Drivers\STM32F1xx_HAL_Driver\Src\stm32f1xx_hal_exti.c.obj
 .text.HAL_EXTI_GenerateSWI
                0x00000000       0x14 CMakeFiles\Ant.elf.dir\Drivers\STM32F1xx_HAL_Driver\Src\stm32f1xx_hal_exti.c.obj
 .debug_info    0x00000000      0x5b4 CMakeFiles\Ant.elf.dir\Drivers\STM32F1xx_HAL_Driver\Src\stm32f1xx_hal_exti.c.obj
 .debug_abbrev  0x00000000      0x1e0 CMakeFiles\Ant.elf.dir\Drivers\STM32F1xx_HAL_Driver\Src\stm32f1xx_hal_exti.c.obj
 .debug_loc     0x00000000      0x45f CMakeFiles\Ant.elf.dir\Drivers\STM32F1xx_HAL_Driver\Src\stm32f1xx_hal_exti.c.obj
 .debug_aranges
                0x00000000       0x60 CMakeFiles\Ant.elf.dir\Drivers\STM32F1xx_HAL_Driver\Src\stm32f1xx_hal_exti.c.obj
 .debug_ranges  0x00000000       0x50 CMakeFiles\Ant.elf.dir\Drivers\STM32F1xx_HAL_Driver\Src\stm32f1xx_hal_exti.c.obj
 .debug_line    0x00000000      0x629 CMakeFiles\Ant.elf.dir\Drivers\STM32F1xx_HAL_Driver\Src\stm32f1xx_hal_exti.c.obj
 .debug_str     0x00000000      0x422 CMakeFiles\Ant.elf.dir\Drivers\STM32F1xx_HAL_Driver\Src\stm32f1xx_hal_exti.c.obj
 .comment       0x00000000       0x4a CMakeFiles\Ant.elf.dir\Drivers\STM32F1xx_HAL_Driver\Src\stm32f1xx_hal_exti.c.obj
 .debug_frame   0x00000000       0xd4 CMakeFiles\Ant.elf.dir\Drivers\STM32F1xx_HAL_Driver\Src\stm32f1xx_hal_exti.c.obj
 .ARM.attributes
                0x00000000       0x2d CMakeFiles\Ant.elf.dir\Drivers\STM32F1xx_HAL_Driver\Src\stm32f1xx_hal_exti.c.obj
 .text          0x00000000        0x0 CMakeFiles\Ant.elf.dir\Drivers\STM32F1xx_HAL_Driver\Src\stm32f1xx_hal_flash.c.obj
 .data          0x00000000        0x0 CMakeFiles\Ant.elf.dir\Drivers\STM32F1xx_HAL_Driver\Src\stm32f1xx_hal_flash.c.obj
 .bss           0x00000000        0x0 CMakeFiles\Ant.elf.dir\Drivers\STM32F1xx_HAL_Driver\Src\stm32f1xx_hal_flash.c.obj
 .text.FLASH_Program_HalfWord
                0x00000000       0x1c CMakeFiles\Ant.elf.dir\Drivers\STM32F1xx_HAL_Driver\Src\stm32f1xx_hal_flash.c.obj
 .text.FLASH_SetErrorCode
                0x00000000       0x70 CMakeFiles\Ant.elf.dir\Drivers\STM32F1xx_HAL_Driver\Src\stm32f1xx_hal_flash.c.obj
 .text.HAL_FLASH_Program_IT
                0x00000000       0x6c CMakeFiles\Ant.elf.dir\Drivers\STM32F1xx_HAL_Driver\Src\stm32f1xx_hal_flash.c.obj
 .text.HAL_FLASH_EndOfOperationCallback
                0x00000000        0x2 CMakeFiles\Ant.elf.dir\Drivers\STM32F1xx_HAL_Driver\Src\stm32f1xx_hal_flash.c.obj
 .text.HAL_FLASH_OperationErrorCallback
                0x00000000        0x2 CMakeFiles\Ant.elf.dir\Drivers\STM32F1xx_HAL_Driver\Src\stm32f1xx_hal_flash.c.obj
 .text.HAL_FLASH_IRQHandler
                0x00000000      0x154 CMakeFiles\Ant.elf.dir\Drivers\STM32F1xx_HAL_Driver\Src\stm32f1xx_hal_flash.c.obj
 .text.HAL_FLASH_Unlock
                0x00000000       0x34 CMakeFiles\Ant.elf.dir\Drivers\STM32F1xx_HAL_Driver\Src\stm32f1xx_hal_flash.c.obj
 .text.HAL_FLASH_Lock
                0x00000000       0x14 CMakeFiles\Ant.elf.dir\Drivers\STM32F1xx_HAL_Driver\Src\stm32f1xx_hal_flash.c.obj
 .text.HAL_FLASH_OB_Unlock
                0x00000000       0x28 CMakeFiles\Ant.elf.dir\Drivers\STM32F1xx_HAL_Driver\Src\stm32f1xx_hal_flash.c.obj
 .text.HAL_FLASH_OB_Lock
                0x00000000       0x14 CMakeFiles\Ant.elf.dir\Drivers\STM32F1xx_HAL_Driver\Src\stm32f1xx_hal_flash.c.obj
 .text.HAL_FLASH_OB_Launch
                0x00000000        0x8 CMakeFiles\Ant.elf.dir\Drivers\STM32F1xx_HAL_Driver\Src\stm32f1xx_hal_flash.c.obj
 .text.HAL_FLASH_GetError
                0x00000000        0xc CMakeFiles\Ant.elf.dir\Drivers\STM32F1xx_HAL_Driver\Src\stm32f1xx_hal_flash.c.obj
 .text.FLASH_WaitForLastOperation
                0x00000000       0x68 CMakeFiles\Ant.elf.dir\Drivers\STM32F1xx_HAL_Driver\Src\stm32f1xx_hal_flash.c.obj
 .text.HAL_FLASH_Program
                0x00000000       0xa0 CMakeFiles\Ant.elf.dir\Drivers\STM32F1xx_HAL_Driver\Src\stm32f1xx_hal_flash.c.obj
 .bss.pFlash    0x00000000       0x20 CMakeFiles\Ant.elf.dir\Drivers\STM32F1xx_HAL_Driver\Src\stm32f1xx_hal_flash.c.obj
 .debug_info    0x00000000      0x698 CMakeFiles\Ant.elf.dir\Drivers\STM32F1xx_HAL_Driver\Src\stm32f1xx_hal_flash.c.obj
 .debug_abbrev  0x00000000      0x22d CMakeFiles\Ant.elf.dir\Drivers\STM32F1xx_HAL_Driver\Src\stm32f1xx_hal_flash.c.obj
 .debug_loc     0x00000000      0x3a2 CMakeFiles\Ant.elf.dir\Drivers\STM32F1xx_HAL_Driver\Src\stm32f1xx_hal_flash.c.obj
 .debug_aranges
                0x00000000       0x88 CMakeFiles\Ant.elf.dir\Drivers\STM32F1xx_HAL_Driver\Src\stm32f1xx_hal_flash.c.obj
 .debug_ranges  0x00000000       0x78 CMakeFiles\Ant.elf.dir\Drivers\STM32F1xx_HAL_Driver\Src\stm32f1xx_hal_flash.c.obj
 .debug_line    0x00000000      0x7c6 CMakeFiles\Ant.elf.dir\Drivers\STM32F1xx_HAL_Driver\Src\stm32f1xx_hal_flash.c.obj
 .debug_str     0x00000000      0x57b CMakeFiles\Ant.elf.dir\Drivers\STM32F1xx_HAL_Driver\Src\stm32f1xx_hal_flash.c.obj
 .comment       0x00000000       0x4a CMakeFiles\Ant.elf.dir\Drivers\STM32F1xx_HAL_Driver\Src\stm32f1xx_hal_flash.c.obj
 .debug_frame   0x00000000      0x134 CMakeFiles\Ant.elf.dir\Drivers\STM32F1xx_HAL_Driver\Src\stm32f1xx_hal_flash.c.obj
 .ARM.attributes
                0x00000000       0x2d CMakeFiles\Ant.elf.dir\Drivers\STM32F1xx_HAL_Driver\Src\stm32f1xx_hal_flash.c.obj
 .text          0x00000000        0x0 CMakeFiles\Ant.elf.dir\Drivers\STM32F1xx_HAL_Driver\Src\stm32f1xx_hal_flash_ex.c.obj
 .data          0x00000000        0x0 CMakeFiles\Ant.elf.dir\Drivers\STM32F1xx_HAL_Driver\Src\stm32f1xx_hal_flash_ex.c.obj
 .bss           0x00000000        0x0 CMakeFiles\Ant.elf.dir\Drivers\STM32F1xx_HAL_Driver\Src\stm32f1xx_hal_flash_ex.c.obj
 .text.FLASH_MassErase
                0x00000000       0x24 CMakeFiles\Ant.elf.dir\Drivers\STM32F1xx_HAL_Driver\Src\stm32f1xx_hal_flash_ex.c.obj
 .text.FLASH_OB_GetWRP
                0x00000000        0xc CMakeFiles\Ant.elf.dir\Drivers\STM32F1xx_HAL_Driver\Src\stm32f1xx_hal_flash_ex.c.obj
 .text.FLASH_OB_GetRDP
                0x00000000       0x18 CMakeFiles\Ant.elf.dir\Drivers\STM32F1xx_HAL_Driver\Src\stm32f1xx_hal_flash_ex.c.obj
 .text.FLASH_OB_GetUser
                0x00000000       0x10 CMakeFiles\Ant.elf.dir\Drivers\STM32F1xx_HAL_Driver\Src\stm32f1xx_hal_flash_ex.c.obj
 .text.FLASH_OB_RDP_LevelConfig
                0x00000000       0x68 CMakeFiles\Ant.elf.dir\Drivers\STM32F1xx_HAL_Driver\Src\stm32f1xx_hal_flash_ex.c.obj
 .text.FLASH_OB_UserConfig
                0x00000000       0x48 CMakeFiles\Ant.elf.dir\Drivers\STM32F1xx_HAL_Driver\Src\stm32f1xx_hal_flash_ex.c.obj
 .text.FLASH_OB_ProgramData
                0x00000000       0x40 CMakeFiles\Ant.elf.dir\Drivers\STM32F1xx_HAL_Driver\Src\stm32f1xx_hal_flash_ex.c.obj
 .text.HAL_FLASHEx_OBErase
                0x00000000       0x50 CMakeFiles\Ant.elf.dir\Drivers\STM32F1xx_HAL_Driver\Src\stm32f1xx_hal_flash_ex.c.obj
 .text.FLASH_OB_EnableWRP
                0x00000000       0xc0 CMakeFiles\Ant.elf.dir\Drivers\STM32F1xx_HAL_Driver\Src\stm32f1xx_hal_flash_ex.c.obj
 .text.FLASH_OB_DisableWRP
                0x00000000       0xc8 CMakeFiles\Ant.elf.dir\Drivers\STM32F1xx_HAL_Driver\Src\stm32f1xx_hal_flash_ex.c.obj
 .text.HAL_FLASHEx_OBProgram
                0x00000000       0x9c CMakeFiles\Ant.elf.dir\Drivers\STM32F1xx_HAL_Driver\Src\stm32f1xx_hal_flash_ex.c.obj
 .text.HAL_FLASHEx_OBGetConfig
                0x00000000       0x1c CMakeFiles\Ant.elf.dir\Drivers\STM32F1xx_HAL_Driver\Src\stm32f1xx_hal_flash_ex.c.obj
 .text.HAL_FLASHEx_OBGetUserData
                0x00000000       0x24 CMakeFiles\Ant.elf.dir\Drivers\STM32F1xx_HAL_Driver\Src\stm32f1xx_hal_flash_ex.c.obj
 .text.FLASH_PageErase
                0x00000000       0x24 CMakeFiles\Ant.elf.dir\Drivers\STM32F1xx_HAL_Driver\Src\stm32f1xx_hal_flash_ex.c.obj
 .text.HAL_FLASHEx_Erase
                0x00000000       0xa4 CMakeFiles\Ant.elf.dir\Drivers\STM32F1xx_HAL_Driver\Src\stm32f1xx_hal_flash_ex.c.obj
 .text.HAL_FLASHEx_Erase_IT
                0x00000000       0x60 CMakeFiles\Ant.elf.dir\Drivers\STM32F1xx_HAL_Driver\Src\stm32f1xx_hal_flash_ex.c.obj
 .debug_info    0x00000000      0xafa CMakeFiles\Ant.elf.dir\Drivers\STM32F1xx_HAL_Driver\Src\stm32f1xx_hal_flash_ex.c.obj
 .debug_abbrev  0x00000000      0x234 CMakeFiles\Ant.elf.dir\Drivers\STM32F1xx_HAL_Driver\Src\stm32f1xx_hal_flash_ex.c.obj
 .debug_loc     0x00000000      0x87f CMakeFiles\Ant.elf.dir\Drivers\STM32F1xx_HAL_Driver\Src\stm32f1xx_hal_flash_ex.c.obj
 .debug_aranges
                0x00000000       0x98 CMakeFiles\Ant.elf.dir\Drivers\STM32F1xx_HAL_Driver\Src\stm32f1xx_hal_flash_ex.c.obj
 .debug_ranges  0x00000000       0x88 CMakeFiles\Ant.elf.dir\Drivers\STM32F1xx_HAL_Driver\Src\stm32f1xx_hal_flash_ex.c.obj
 .debug_line    0x00000000      0x958 CMakeFiles\Ant.elf.dir\Drivers\STM32F1xx_HAL_Driver\Src\stm32f1xx_hal_flash_ex.c.obj
 .debug_str     0x00000000      0x691 CMakeFiles\Ant.elf.dir\Drivers\STM32F1xx_HAL_Driver\Src\stm32f1xx_hal_flash_ex.c.obj
 .comment       0x00000000       0x4a CMakeFiles\Ant.elf.dir\Drivers\STM32F1xx_HAL_Driver\Src\stm32f1xx_hal_flash_ex.c.obj
 .debug_frame   0x00000000      0x194 CMakeFiles\Ant.elf.dir\Drivers\STM32F1xx_HAL_Driver\Src\stm32f1xx_hal_flash_ex.c.obj
 .ARM.attributes
                0x00000000       0x2d CMakeFiles\Ant.elf.dir\Drivers\STM32F1xx_HAL_Driver\Src\stm32f1xx_hal_flash_ex.c.obj
 .text          0x00000000        0x0 CMakeFiles\Ant.elf.dir\Drivers\STM32F1xx_HAL_Driver\Src\stm32f1xx_hal_gpio.c.obj
 .data          0x00000000        0x0 CMakeFiles\Ant.elf.dir\Drivers\STM32F1xx_HAL_Driver\Src\stm32f1xx_hal_gpio.c.obj
 .bss           0x00000000        0x0 CMakeFiles\Ant.elf.dir\Drivers\STM32F1xx_HAL_Driver\Src\stm32f1xx_hal_gpio.c.obj
 .text.HAL_GPIO_Init
                0x00000000      0x224 CMakeFiles\Ant.elf.dir\Drivers\STM32F1xx_HAL_Driver\Src\stm32f1xx_hal_gpio.c.obj
 .text.HAL_GPIO_DeInit
                0x00000000      0x100 CMakeFiles\Ant.elf.dir\Drivers\STM32F1xx_HAL_Driver\Src\stm32f1xx_hal_gpio.c.obj
 .text.HAL_GPIO_ReadPin
                0x00000000        0xe CMakeFiles\Ant.elf.dir\Drivers\STM32F1xx_HAL_Driver\Src\stm32f1xx_hal_gpio.c.obj
 .text.HAL_GPIO_WritePin
                0x00000000        0xc CMakeFiles\Ant.elf.dir\Drivers\STM32F1xx_HAL_Driver\Src\stm32f1xx_hal_gpio.c.obj
 .text.HAL_GPIO_TogglePin
                0x00000000       0x12 CMakeFiles\Ant.elf.dir\Drivers\STM32F1xx_HAL_Driver\Src\stm32f1xx_hal_gpio.c.obj
 .text.HAL_GPIO_LockPin
                0x00000000       0x2e CMakeFiles\Ant.elf.dir\Drivers\STM32F1xx_HAL_Driver\Src\stm32f1xx_hal_gpio.c.obj
 .text.HAL_GPIO_EXTI_Callback
                0x00000000        0x2 CMakeFiles\Ant.elf.dir\Drivers\STM32F1xx_HAL_Driver\Src\stm32f1xx_hal_gpio.c.obj
 .text.HAL_GPIO_EXTI_IRQHandler
                0x00000000       0x1c CMakeFiles\Ant.elf.dir\Drivers\STM32F1xx_HAL_Driver\Src\stm32f1xx_hal_gpio.c.obj
 .debug_info    0x00000000      0x66f CMakeFiles\Ant.elf.dir\Drivers\STM32F1xx_HAL_Driver\Src\stm32f1xx_hal_gpio.c.obj
 .debug_abbrev  0x00000000      0x1e6 CMakeFiles\Ant.elf.dir\Drivers\STM32F1xx_HAL_Driver\Src\stm32f1xx_hal_gpio.c.obj
 .debug_loc     0x00000000      0x47d CMakeFiles\Ant.elf.dir\Drivers\STM32F1xx_HAL_Driver\Src\stm32f1xx_hal_gpio.c.obj
 .debug_aranges
                0x00000000       0x58 CMakeFiles\Ant.elf.dir\Drivers\STM32F1xx_HAL_Driver\Src\stm32f1xx_hal_gpio.c.obj
 .debug_ranges  0x00000000       0x48 CMakeFiles\Ant.elf.dir\Drivers\STM32F1xx_HAL_Driver\Src\stm32f1xx_hal_gpio.c.obj
 .debug_line    0x00000000      0x621 CMakeFiles\Ant.elf.dir\Drivers\STM32F1xx_HAL_Driver\Src\stm32f1xx_hal_gpio.c.obj
 .debug_str     0x00000000      0x44c CMakeFiles\Ant.elf.dir\Drivers\STM32F1xx_HAL_Driver\Src\stm32f1xx_hal_gpio.c.obj
 .comment       0x00000000       0x4a CMakeFiles\Ant.elf.dir\Drivers\STM32F1xx_HAL_Driver\Src\stm32f1xx_hal_gpio.c.obj
 .debug_frame   0x00000000       0xe4 CMakeFiles\Ant.elf.dir\Drivers\STM32F1xx_HAL_Driver\Src\stm32f1xx_hal_gpio.c.obj
 .ARM.attributes
                0x00000000       0x2d CMakeFiles\Ant.elf.dir\Drivers\STM32F1xx_HAL_Driver\Src\stm32f1xx_hal_gpio.c.obj
 .text          0x00000000        0x0 CMakeFiles\Ant.elf.dir\Drivers\STM32F1xx_HAL_Driver\Src\stm32f1xx_hal_gpio_ex.c.obj
 .data          0x00000000        0x0 CMakeFiles\Ant.elf.dir\Drivers\STM32F1xx_HAL_Driver\Src\stm32f1xx_hal_gpio_ex.c.obj
 .bss           0x00000000        0x0 CMakeFiles\Ant.elf.dir\Drivers\STM32F1xx_HAL_Driver\Src\stm32f1xx_hal_gpio_ex.c.obj
 .text.HAL_GPIOEx_ConfigEventout
                0x00000000       0x14 CMakeFiles\Ant.elf.dir\Drivers\STM32F1xx_HAL_Driver\Src\stm32f1xx_hal_gpio_ex.c.obj
 .text.HAL_GPIOEx_EnableEventout
                0x00000000       0x10 CMakeFiles\Ant.elf.dir\Drivers\STM32F1xx_HAL_Driver\Src\stm32f1xx_hal_gpio_ex.c.obj
 .text.HAL_GPIOEx_DisableEventout
                0x00000000       0x10 CMakeFiles\Ant.elf.dir\Drivers\STM32F1xx_HAL_Driver\Src\stm32f1xx_hal_gpio_ex.c.obj
 .debug_info    0x00000000      0x15c CMakeFiles\Ant.elf.dir\Drivers\STM32F1xx_HAL_Driver\Src\stm32f1xx_hal_gpio_ex.c.obj
 .debug_abbrev  0x00000000       0xda CMakeFiles\Ant.elf.dir\Drivers\STM32F1xx_HAL_Driver\Src\stm32f1xx_hal_gpio_ex.c.obj
 .debug_loc     0x00000000       0x25 CMakeFiles\Ant.elf.dir\Drivers\STM32F1xx_HAL_Driver\Src\stm32f1xx_hal_gpio_ex.c.obj
 .debug_aranges
                0x00000000       0x30 CMakeFiles\Ant.elf.dir\Drivers\STM32F1xx_HAL_Driver\Src\stm32f1xx_hal_gpio_ex.c.obj
 .debug_ranges  0x00000000       0x20 CMakeFiles\Ant.elf.dir\Drivers\STM32F1xx_HAL_Driver\Src\stm32f1xx_hal_gpio_ex.c.obj
 .debug_line    0x00000000      0x1d1 CMakeFiles\Ant.elf.dir\Drivers\STM32F1xx_HAL_Driver\Src\stm32f1xx_hal_gpio_ex.c.obj
 .debug_str     0x00000000      0x2a3 CMakeFiles\Ant.elf.dir\Drivers\STM32F1xx_HAL_Driver\Src\stm32f1xx_hal_gpio_ex.c.obj
 .comment       0x00000000       0x4a CMakeFiles\Ant.elf.dir\Drivers\STM32F1xx_HAL_Driver\Src\stm32f1xx_hal_gpio_ex.c.obj
 .debug_frame   0x00000000       0x40 CMakeFiles\Ant.elf.dir\Drivers\STM32F1xx_HAL_Driver\Src\stm32f1xx_hal_gpio_ex.c.obj
 .ARM.attributes
                0x00000000       0x2d CMakeFiles\Ant.elf.dir\Drivers\STM32F1xx_HAL_Driver\Src\stm32f1xx_hal_gpio_ex.c.obj
 .text          0x00000000        0x0 CMakeFiles\Ant.elf.dir\Drivers\STM32F1xx_HAL_Driver\Src\stm32f1xx_hal_pwr.c.obj
 .data          0x00000000        0x0 CMakeFiles\Ant.elf.dir\Drivers\STM32F1xx_HAL_Driver\Src\stm32f1xx_hal_pwr.c.obj
 .bss           0x00000000        0x0 CMakeFiles\Ant.elf.dir\Drivers\STM32F1xx_HAL_Driver\Src\stm32f1xx_hal_pwr.c.obj
 .text.PWR_OverloadWfe
                0x00000000        0x6 CMakeFiles\Ant.elf.dir\Drivers\STM32F1xx_HAL_Driver\Src\stm32f1xx_hal_pwr.c.obj
 .text.HAL_PWR_DeInit
                0x00000000       0x18 CMakeFiles\Ant.elf.dir\Drivers\STM32F1xx_HAL_Driver\Src\stm32f1xx_hal_pwr.c.obj
 .text.HAL_PWR_EnableBkUpAccess
                0x00000000        0xc CMakeFiles\Ant.elf.dir\Drivers\STM32F1xx_HAL_Driver\Src\stm32f1xx_hal_pwr.c.obj
 .text.HAL_PWR_DisableBkUpAccess
                0x00000000        0xc CMakeFiles\Ant.elf.dir\Drivers\STM32F1xx_HAL_Driver\Src\stm32f1xx_hal_pwr.c.obj
 .text.HAL_PWR_ConfigPVD
                0x00000000       0x84 CMakeFiles\Ant.elf.dir\Drivers\STM32F1xx_HAL_Driver\Src\stm32f1xx_hal_pwr.c.obj
 .text.HAL_PWR_EnablePVD
                0x00000000        0xc CMakeFiles\Ant.elf.dir\Drivers\STM32F1xx_HAL_Driver\Src\stm32f1xx_hal_pwr.c.obj
 .text.HAL_PWR_DisablePVD
                0x00000000        0xc CMakeFiles\Ant.elf.dir\Drivers\STM32F1xx_HAL_Driver\Src\stm32f1xx_hal_pwr.c.obj
 .text.HAL_PWR_EnableWakeUpPin
                0x00000000       0x18 CMakeFiles\Ant.elf.dir\Drivers\STM32F1xx_HAL_Driver\Src\stm32f1xx_hal_pwr.c.obj
 .text.HAL_PWR_DisableWakeUpPin
                0x00000000       0x18 CMakeFiles\Ant.elf.dir\Drivers\STM32F1xx_HAL_Driver\Src\stm32f1xx_hal_pwr.c.obj
 .text.HAL_PWR_EnterSLEEPMode
                0x00000000       0x20 CMakeFiles\Ant.elf.dir\Drivers\STM32F1xx_HAL_Driver\Src\stm32f1xx_hal_pwr.c.obj
 .text.HAL_PWR_EnterSTOPMode
                0x00000000       0x48 CMakeFiles\Ant.elf.dir\Drivers\STM32F1xx_HAL_Driver\Src\stm32f1xx_hal_pwr.c.obj
 .text.HAL_PWR_EnterSTANDBYMode
                0x00000000       0x20 CMakeFiles\Ant.elf.dir\Drivers\STM32F1xx_HAL_Driver\Src\stm32f1xx_hal_pwr.c.obj
 .text.HAL_PWR_EnableSleepOnExit
                0x00000000       0x10 CMakeFiles\Ant.elf.dir\Drivers\STM32F1xx_HAL_Driver\Src\stm32f1xx_hal_pwr.c.obj
 .text.HAL_PWR_DisableSleepOnExit
                0x00000000       0x10 CMakeFiles\Ant.elf.dir\Drivers\STM32F1xx_HAL_Driver\Src\stm32f1xx_hal_pwr.c.obj
 .text.HAL_PWR_EnableSEVOnPend
                0x00000000       0x10 CMakeFiles\Ant.elf.dir\Drivers\STM32F1xx_HAL_Driver\Src\stm32f1xx_hal_pwr.c.obj
 .text.HAL_PWR_DisableSEVOnPend
                0x00000000       0x10 CMakeFiles\Ant.elf.dir\Drivers\STM32F1xx_HAL_Driver\Src\stm32f1xx_hal_pwr.c.obj
 .text.HAL_PWR_PVDCallback
                0x00000000        0x2 CMakeFiles\Ant.elf.dir\Drivers\STM32F1xx_HAL_Driver\Src\stm32f1xx_hal_pwr.c.obj
 .text.HAL_PWR_PVD_IRQHandler
                0x00000000       0x20 CMakeFiles\Ant.elf.dir\Drivers\STM32F1xx_HAL_Driver\Src\stm32f1xx_hal_pwr.c.obj
 .debug_info    0x00000000      0x6a7 CMakeFiles\Ant.elf.dir\Drivers\STM32F1xx_HAL_Driver\Src\stm32f1xx_hal_pwr.c.obj
 .debug_abbrev  0x00000000      0x1de CMakeFiles\Ant.elf.dir\Drivers\STM32F1xx_HAL_Driver\Src\stm32f1xx_hal_pwr.c.obj
 .debug_loc     0x00000000      0x142 CMakeFiles\Ant.elf.dir\Drivers\STM32F1xx_HAL_Driver\Src\stm32f1xx_hal_pwr.c.obj
 .debug_aranges
                0x00000000       0xa8 CMakeFiles\Ant.elf.dir\Drivers\STM32F1xx_HAL_Driver\Src\stm32f1xx_hal_pwr.c.obj
 .debug_ranges  0x00000000       0x98 CMakeFiles\Ant.elf.dir\Drivers\STM32F1xx_HAL_Driver\Src\stm32f1xx_hal_pwr.c.obj
 .debug_line    0x00000000      0x4c8 CMakeFiles\Ant.elf.dir\Drivers\STM32F1xx_HAL_Driver\Src\stm32f1xx_hal_pwr.c.obj
 .debug_str     0x00000000      0x4e7 CMakeFiles\Ant.elf.dir\Drivers\STM32F1xx_HAL_Driver\Src\stm32f1xx_hal_pwr.c.obj
 .comment       0x00000000       0x4a CMakeFiles\Ant.elf.dir\Drivers\STM32F1xx_HAL_Driver\Src\stm32f1xx_hal_pwr.c.obj
 .debug_frame   0x00000000      0x140 CMakeFiles\Ant.elf.dir\Drivers\STM32F1xx_HAL_Driver\Src\stm32f1xx_hal_pwr.c.obj
 .ARM.attributes
                0x00000000       0x2d CMakeFiles\Ant.elf.dir\Drivers\STM32F1xx_HAL_Driver\Src\stm32f1xx_hal_pwr.c.obj
 .text          0x00000000        0x0 CMakeFiles\Ant.elf.dir\Drivers\STM32F1xx_HAL_Driver\Src\stm32f1xx_hal_rcc.c.obj
 .data          0x00000000        0x0 CMakeFiles\Ant.elf.dir\Drivers\STM32F1xx_HAL_Driver\Src\stm32f1xx_hal_rcc.c.obj
 .bss           0x00000000        0x0 CMakeFiles\Ant.elf.dir\Drivers\STM32F1xx_HAL_Driver\Src\stm32f1xx_hal_rcc.c.obj
 .text.HAL_RCC_DeInit
                0x00000000       0xf4 CMakeFiles\Ant.elf.dir\Drivers\STM32F1xx_HAL_Driver\Src\stm32f1xx_hal_rcc.c.obj
 .text.HAL_RCC_MCOConfig
                0x00000000       0x50 CMakeFiles\Ant.elf.dir\Drivers\STM32F1xx_HAL_Driver\Src\stm32f1xx_hal_rcc.c.obj
 .text.HAL_RCC_EnableCSS
                0x00000000        0xc CMakeFiles\Ant.elf.dir\Drivers\STM32F1xx_HAL_Driver\Src\stm32f1xx_hal_rcc.c.obj
 .text.HAL_RCC_DisableCSS
                0x00000000        0xc CMakeFiles\Ant.elf.dir\Drivers\STM32F1xx_HAL_Driver\Src\stm32f1xx_hal_rcc.c.obj
 .text.HAL_RCC_GetHCLKFreq
                0x00000000        0xc CMakeFiles\Ant.elf.dir\Drivers\STM32F1xx_HAL_Driver\Src\stm32f1xx_hal_rcc.c.obj
 .text.HAL_RCC_GetPCLK1Freq
                0x00000000       0x20 CMakeFiles\Ant.elf.dir\Drivers\STM32F1xx_HAL_Driver\Src\stm32f1xx_hal_rcc.c.obj
 .text.HAL_RCC_GetPCLK2Freq
                0x00000000       0x20 CMakeFiles\Ant.elf.dir\Drivers\STM32F1xx_HAL_Driver\Src\stm32f1xx_hal_rcc.c.obj
 .text.HAL_RCC_GetOscConfig
                0x00000000       0xb4 CMakeFiles\Ant.elf.dir\Drivers\STM32F1xx_HAL_Driver\Src\stm32f1xx_hal_rcc.c.obj
 .text.HAL_RCC_GetClockConfig
                0x00000000       0x3c CMakeFiles\Ant.elf.dir\Drivers\STM32F1xx_HAL_Driver\Src\stm32f1xx_hal_rcc.c.obj
 .text.HAL_RCC_CSSCallback
                0x00000000        0x2 CMakeFiles\Ant.elf.dir\Drivers\STM32F1xx_HAL_Driver\Src\stm32f1xx_hal_rcc.c.obj
 .text.HAL_RCC_NMI_IRQHandler
                0x00000000       0x20 CMakeFiles\Ant.elf.dir\Drivers\STM32F1xx_HAL_Driver\Src\stm32f1xx_hal_rcc.c.obj
 .text          0x00000000        0x0 CMakeFiles\Ant.elf.dir\Drivers\STM32F1xx_HAL_Driver\Src\stm32f1xx_hal_rcc_ex.c.obj
 .data          0x00000000        0x0 CMakeFiles\Ant.elf.dir\Drivers\STM32F1xx_HAL_Driver\Src\stm32f1xx_hal_rcc_ex.c.obj
 .bss           0x00000000        0x0 CMakeFiles\Ant.elf.dir\Drivers\STM32F1xx_HAL_Driver\Src\stm32f1xx_hal_rcc_ex.c.obj
 .text.HAL_RCCEx_PeriphCLKConfig
                0x00000000      0x118 CMakeFiles\Ant.elf.dir\Drivers\STM32F1xx_HAL_Driver\Src\stm32f1xx_hal_rcc_ex.c.obj
 .text.HAL_RCCEx_GetPeriphCLKConfig
                0x00000000       0x2c CMakeFiles\Ant.elf.dir\Drivers\STM32F1xx_HAL_Driver\Src\stm32f1xx_hal_rcc_ex.c.obj
 .rodata.HAL_RCCEx_GetPeriphCLKFreq.str1.4
                0x00000000       0x11 CMakeFiles\Ant.elf.dir\Drivers\STM32F1xx_HAL_Driver\Src\stm32f1xx_hal_rcc_ex.c.obj
 .text.HAL_RCCEx_GetPeriphCLKFreq
                0x00000000      0x100 CMakeFiles\Ant.elf.dir\Drivers\STM32F1xx_HAL_Driver\Src\stm32f1xx_hal_rcc_ex.c.obj
 .debug_info    0x00000000      0x443 CMakeFiles\Ant.elf.dir\Drivers\STM32F1xx_HAL_Driver\Src\stm32f1xx_hal_rcc_ex.c.obj
 .debug_abbrev  0x00000000      0x1d2 CMakeFiles\Ant.elf.dir\Drivers\STM32F1xx_HAL_Driver\Src\stm32f1xx_hal_rcc_ex.c.obj
 .debug_loc     0x00000000      0x3c8 CMakeFiles\Ant.elf.dir\Drivers\STM32F1xx_HAL_Driver\Src\stm32f1xx_hal_rcc_ex.c.obj
 .debug_aranges
                0x00000000       0x30 CMakeFiles\Ant.elf.dir\Drivers\STM32F1xx_HAL_Driver\Src\stm32f1xx_hal_rcc_ex.c.obj
 .debug_ranges  0x00000000       0x38 CMakeFiles\Ant.elf.dir\Drivers\STM32F1xx_HAL_Driver\Src\stm32f1xx_hal_rcc_ex.c.obj
 .debug_line    0x00000000      0x4dc CMakeFiles\Ant.elf.dir\Drivers\STM32F1xx_HAL_Driver\Src\stm32f1xx_hal_rcc_ex.c.obj
 .debug_str     0x00000000      0x41f CMakeFiles\Ant.elf.dir\Drivers\STM32F1xx_HAL_Driver\Src\stm32f1xx_hal_rcc_ex.c.obj
 .comment       0x00000000       0x4a CMakeFiles\Ant.elf.dir\Drivers\STM32F1xx_HAL_Driver\Src\stm32f1xx_hal_rcc_ex.c.obj
 .debug_frame   0x00000000       0x64 CMakeFiles\Ant.elf.dir\Drivers\STM32F1xx_HAL_Driver\Src\stm32f1xx_hal_rcc_ex.c.obj
 .ARM.attributes
                0x00000000       0x2d CMakeFiles\Ant.elf.dir\Drivers\STM32F1xx_HAL_Driver\Src\stm32f1xx_hal_rcc_ex.c.obj
 .text          0x00000000        0x0 CMakeFiles\Ant.elf.dir\Drivers\STM32F1xx_HAL_Driver\Src\stm32f1xx_hal_tim.c.obj
 .data          0x00000000        0x0 CMakeFiles\Ant.elf.dir\Drivers\STM32F1xx_HAL_Driver\Src\stm32f1xx_hal_tim.c.obj
 .bss           0x00000000        0x0 CMakeFiles\Ant.elf.dir\Drivers\STM32F1xx_HAL_Driver\Src\stm32f1xx_hal_tim.c.obj
 .debug_info    0x00000000       0x6b CMakeFiles\Ant.elf.dir\Drivers\STM32F1xx_HAL_Driver\Src\stm32f1xx_hal_tim.c.obj
 .debug_abbrev  0x00000000       0x26 CMakeFiles\Ant.elf.dir\Drivers\STM32F1xx_HAL_Driver\Src\stm32f1xx_hal_tim.c.obj
 .debug_aranges
                0x00000000       0x18 CMakeFiles\Ant.elf.dir\Drivers\STM32F1xx_HAL_Driver\Src\stm32f1xx_hal_tim.c.obj
 .debug_line    0x00000000       0x1d CMakeFiles\Ant.elf.dir\Drivers\STM32F1xx_HAL_Driver\Src\stm32f1xx_hal_tim.c.obj
 .debug_str     0x00000000      0x1ef CMakeFiles\Ant.elf.dir\Drivers\STM32F1xx_HAL_Driver\Src\stm32f1xx_hal_tim.c.obj
 .comment       0x00000000       0x4a CMakeFiles\Ant.elf.dir\Drivers\STM32F1xx_HAL_Driver\Src\stm32f1xx_hal_tim.c.obj
 .ARM.attributes
                0x00000000       0x2d CMakeFiles\Ant.elf.dir\Drivers\STM32F1xx_HAL_Driver\Src\stm32f1xx_hal_tim.c.obj
 .text          0x00000000        0x0 CMakeFiles\Ant.elf.dir\Drivers\STM32F1xx_HAL_Driver\Src\stm32f1xx_hal_tim_ex.c.obj
 .data          0x00000000        0x0 CMakeFiles\Ant.elf.dir\Drivers\STM32F1xx_HAL_Driver\Src\stm32f1xx_hal_tim_ex.c.obj
 .bss           0x00000000        0x0 CMakeFiles\Ant.elf.dir\Drivers\STM32F1xx_HAL_Driver\Src\stm32f1xx_hal_tim_ex.c.obj
 .debug_info    0x00000000       0x6b CMakeFiles\Ant.elf.dir\Drivers\STM32F1xx_HAL_Driver\Src\stm32f1xx_hal_tim_ex.c.obj
 .debug_abbrev  0x00000000       0x26 CMakeFiles\Ant.elf.dir\Drivers\STM32F1xx_HAL_Driver\Src\stm32f1xx_hal_tim_ex.c.obj
 .debug_aranges
                0x00000000       0x18 CMakeFiles\Ant.elf.dir\Drivers\STM32F1xx_HAL_Driver\Src\stm32f1xx_hal_tim_ex.c.obj
 .debug_line    0x00000000       0x1d CMakeFiles\Ant.elf.dir\Drivers\STM32F1xx_HAL_Driver\Src\stm32f1xx_hal_tim_ex.c.obj
 .debug_str     0x00000000      0x1f2 CMakeFiles\Ant.elf.dir\Drivers\STM32F1xx_HAL_Driver\Src\stm32f1xx_hal_tim_ex.c.obj
 .comment       0x00000000       0x4a CMakeFiles\Ant.elf.dir\Drivers\STM32F1xx_HAL_Driver\Src\stm32f1xx_hal_tim_ex.c.obj
 .ARM.attributes
                0x00000000       0x2d CMakeFiles\Ant.elf.dir\Drivers\STM32F1xx_HAL_Driver\Src\stm32f1xx_hal_tim_ex.c.obj
 .text          0x00000000       0x14 CMakeFiles\Ant.elf.dir\startup\startup_stm32f103xb.s.obj
 .data          0x00000000        0x0 CMakeFiles\Ant.elf.dir\startup\startup_stm32f103xb.s.obj
 .bss           0x00000000        0x0 CMakeFiles\Ant.elf.dir\startup\startup_stm32f103xb.s.obj
 .text          0x00000000        0x0 c:/progra~2/gnuarm~1/102021~1.10/bin/../lib/gcc/arm-none-eabi/10.3.1/../../../../arm-none-eabi/lib/thumb/v7-m/nofp\libg.a(lib_a-errno.o)
 .data          0x00000000        0x0 c:/progra~2/gnuarm~1/102021~1.10/bin/../lib/gcc/arm-none-eabi/10.3.1/../../../../arm-none-eabi/lib/thumb/v7-m/nofp\libg.a(lib_a-errno.o)
 .bss           0x00000000        0x0 c:/progra~2/gnuarm~1/102021~1.10/bin/../lib/gcc/arm-none-eabi/10.3.1/../../../../arm-none-eabi/lib/thumb/v7-m/nofp\libg.a(lib_a-errno.o)
 .text.__errno  0x00000000        0xc c:/progra~2/gnuarm~1/102021~1.10/bin/../lib/gcc/arm-none-eabi/10.3.1/../../../../arm-none-eabi/lib/thumb/v7-m/nofp\libg.a(lib_a-errno.o)
 .debug_frame   0x00000000       0x20 c:/progra~2/gnuarm~1/102021~1.10/bin/../lib/gcc/arm-none-eabi/10.3.1/../../../../arm-none-eabi/lib/thumb/v7-m/nofp\libg.a(lib_a-errno.o)
 .ARM.attributes
                0x00000000       0x2d c:/progra~2/gnuarm~1/102021~1.10/bin/../lib/gcc/arm-none-eabi/10.3.1/../../../../arm-none-eabi/lib/thumb/v7-m/nofp\libg.a(lib_a-errno.o)
 .text          0x00000000        0x0 c:/progra~2/gnuarm~1/102021~1.10/bin/../lib/gcc/arm-none-eabi/10.3.1/../../../../arm-none-eabi/lib/thumb/v7-m/nofp\libg.a(lib_a-exit.o)
 .data          0x00000000        0x0 c:/progra~2/gnuarm~1/102021~1.10/bin/../lib/gcc/arm-none-eabi/10.3.1/../../../../arm-none-eabi/lib/thumb/v7-m/nofp\libg.a(lib_a-exit.o)
 .bss           0x00000000        0x0 c:/progra~2/gnuarm~1/102021~1.10/bin/../lib/gcc/arm-none-eabi/10.3.1/../../../../arm-none-eabi/lib/thumb/v7-m/nofp\libg.a(lib_a-exit.o)
 .text.exit     0x00000000       0x20 c:/progra~2/gnuarm~1/102021~1.10/bin/../lib/gcc/arm-none-eabi/10.3.1/../../../../arm-none-eabi/lib/thumb/v7-m/nofp\libg.a(lib_a-exit.o)
 .debug_frame   0x00000000       0x28 c:/progra~2/gnuarm~1/102021~1.10/bin/../lib/gcc/arm-none-eabi/10.3.1/../../../../arm-none-eabi/lib/thumb/v7-m/nofp\libg.a(lib_a-exit.o)
 .ARM.attributes
                0x00000000       0x2d c:/progra~2/gnuarm~1/102021~1.10/bin/../lib/gcc/arm-none-eabi/10.3.1/../../../../arm-none-eabi/lib/thumb/v7-m/nofp\libg.a(lib_a-exit.o)
 .text          0x00000000        0x0 c:/progra~2/gnuarm~1/102021~1.10/bin/../lib/gcc/arm-none-eabi/10.3.1/../../../../arm-none-eabi/lib/thumb/v7-m/nofp\libg.a(lib_a-impure.o)
 .data          0x00000000        0x0 c:/progra~2/gnuarm~1/102021~1.10/bin/../lib/gcc/arm-none-eabi/10.3.1/../../../../arm-none-eabi/lib/thumb/v7-m/nofp\libg.a(lib_a-impure.o)
 .bss           0x00000000        0x0 c:/progra~2/gnuarm~1/102021~1.10/bin/../lib/gcc/arm-none-eabi/10.3.1/../../../../arm-none-eabi/lib/thumb/v7-m/nofp\libg.a(lib_a-impure.o)
 .data._impure_ptr
                0x00000000        0x4 c:/progra~2/gnuarm~1/102021~1.10/bin/../lib/gcc/arm-none-eabi/10.3.1/../../../../arm-none-eabi/lib/thumb/v7-m/nofp\libg.a(lib_a-impure.o)
 .text          0x00000000        0x0 c:/progra~2/gnuarm~1/102021~1.10/bin/../lib/gcc/arm-none-eabi/10.3.1/../../../../arm-none-eabi/lib/thumb/v7-m/nofp\libg.a(lib_a-init.o)
 .data          0x00000000        0x0 c:/progra~2/gnuarm~1/102021~1.10/bin/../lib/gcc/arm-none-eabi/10.3.1/../../../../arm-none-eabi/lib/thumb/v7-m/nofp\libg.a(lib_a-init.o)
 .bss           0x00000000        0x0 c:/progra~2/gnuarm~1/102021~1.10/bin/../lib/gcc/arm-none-eabi/10.3.1/../../../../arm-none-eabi/lib/thumb/v7-m/nofp\libg.a(lib_a-init.o)
 .text          0x00000000        0x0 c:/progra~2/gnuarm~1/102021~1.10/bin/../lib/gcc/arm-none-eabi/10.3.1/../../../../arm-none-eabi/lib/thumb/v7-m/nofp\libg.a(lib_a-memset.o)
 .data          0x00000000        0x0 c:/progra~2/gnuarm~1/102021~1.10/bin/../lib/gcc/arm-none-eabi/10.3.1/../../../../arm-none-eabi/lib/thumb/v7-m/nofp\libg.a(lib_a-memset.o)
 .bss           0x00000000        0x0 c:/progra~2/gnuarm~1/102021~1.10/bin/../lib/gcc/arm-none-eabi/10.3.1/../../../../arm-none-eabi/lib/thumb/v7-m/nofp\libg.a(lib_a-memset.o)
 .text          0x00000000        0x0 c:/progra~2/gnuarm~1/102021~1.10/bin/../lib/gcc/arm-none-eabi/10.3.1/../../../../arm-none-eabi/lib/thumb/v7-m/nofp\libg.a(lib_a-__call_atexit.o)
 .data          0x00000000        0x0 c:/progra~2/gnuarm~1/102021~1.10/bin/../lib/gcc/arm-none-eabi/10.3.1/../../../../arm-none-eabi/lib/thumb/v7-m/nofp\libg.a(lib_a-__call_atexit.o)
 .bss           0x00000000        0x0 c:/progra~2/gnuarm~1/102021~1.10/bin/../lib/gcc/arm-none-eabi/10.3.1/../../../../arm-none-eabi/lib/thumb/v7-m/nofp\libg.a(lib_a-__call_atexit.o)
 .text.__call_exitprocs
                0x00000000       0xc4 c:/progra~2/gnuarm~1/102021~1.10/bin/../lib/gcc/arm-none-eabi/10.3.1/../../../../arm-none-eabi/lib/thumb/v7-m/nofp\libg.a(lib_a-__call_atexit.o)
 .text          0x00000000        0x0 c:/progra~2/gnuarm~1/102021~1.10/bin/../lib/gcc/arm-none-eabi/10.3.1/../../../../arm-none-eabi/lib/thumb/v7-m/nofp\libg.a(lib_a-atexit.o)
 .data          0x00000000        0x0 c:/progra~2/gnuarm~1/102021~1.10/bin/../lib/gcc/arm-none-eabi/10.3.1/../../../../arm-none-eabi/lib/thumb/v7-m/nofp\libg.a(lib_a-atexit.o)
 .bss           0x00000000        0x0 c:/progra~2/gnuarm~1/102021~1.10/bin/../lib/gcc/arm-none-eabi/10.3.1/../../../../arm-none-eabi/lib/thumb/v7-m/nofp\libg.a(lib_a-atexit.o)
 .text          0x00000000        0x0 c:/progra~2/gnuarm~1/102021~1.10/bin/../lib/gcc/arm-none-eabi/10.3.1/../../../../arm-none-eabi/lib/thumb/v7-m/nofp\libg.a(lib_a-fini.o)
 .data          0x00000000        0x0 c:/progra~2/gnuarm~1/102021~1.10/bin/../lib/gcc/arm-none-eabi/10.3.1/../../../../arm-none-eabi/lib/thumb/v7-m/nofp\libg.a(lib_a-fini.o)
 .bss           0x00000000        0x0 c:/progra~2/gnuarm~1/102021~1.10/bin/../lib/gcc/arm-none-eabi/10.3.1/../../../../arm-none-eabi/lib/thumb/v7-m/nofp\libg.a(lib_a-fini.o)
 .text          0x00000000        0x0 c:/progra~2/gnuarm~1/102021~1.10/bin/../lib/gcc/arm-none-eabi/10.3.1/../../../../arm-none-eabi/lib/thumb/v7-m/nofp\libg.a(lib_a-lock.o)
 .data          0x00000000        0x0 c:/progra~2/gnuarm~1/102021~1.10/bin/../lib/gcc/arm-none-eabi/10.3.1/../../../../arm-none-eabi/lib/thumb/v7-m/nofp\libg.a(lib_a-lock.o)
 .bss           0x00000000        0x0 c:/progra~2/gnuarm~1/102021~1.10/bin/../lib/gcc/arm-none-eabi/10.3.1/../../../../arm-none-eabi/lib/thumb/v7-m/nofp\libg.a(lib_a-lock.o)
 .text.__retarget_lock_init
                0x00000000        0x4 c:/progra~2/gnuarm~1/102021~1.10/bin/../lib/gcc/arm-none-eabi/10.3.1/../../../../arm-none-eabi/lib/thumb/v7-m/nofp\libg.a(lib_a-lock.o)
 .text.__retarget_lock_init_recursive
                0x00000000        0x4 c:/progra~2/gnuarm~1/102021~1.10/bin/../lib/gcc/arm-none-eabi/10.3.1/../../../../arm-none-eabi/lib/thumb/v7-m/nofp\libg.a(lib_a-lock.o)
 .text.__retarget_lock_close
                0x00000000        0x4 c:/progra~2/gnuarm~1/102021~1.10/bin/../lib/gcc/arm-none-eabi/10.3.1/../../../../arm-none-eabi/lib/thumb/v7-m/nofp\libg.a(lib_a-lock.o)
 .text.__retarget_lock_close_recursive
                0x00000000        0x4 c:/progra~2/gnuarm~1/102021~1.10/bin/../lib/gcc/arm-none-eabi/10.3.1/../../../../arm-none-eabi/lib/thumb/v7-m/nofp\libg.a(lib_a-lock.o)
 .text.__retarget_lock_acquire
                0x00000000        0x4 c:/progra~2/gnuarm~1/102021~1.10/bin/../lib/gcc/arm-none-eabi/10.3.1/../../../../arm-none-eabi/lib/thumb/v7-m/nofp\libg.a(lib_a-lock.o)
 .text.__retarget_lock_try_acquire
                0x00000000        0x4 c:/progra~2/gnuarm~1/102021~1.10/bin/../lib/gcc/arm-none-eabi/10.3.1/../../../../arm-none-eabi/lib/thumb/v7-m/nofp\libg.a(lib_a-lock.o)
 .text.__retarget_lock_try_acquire_recursive
                0x00000000        0x4 c:/progra~2/gnuarm~1/102021~1.10/bin/../lib/gcc/arm-none-eabi/10.3.1/../../../../arm-none-eabi/lib/thumb/v7-m/nofp\libg.a(lib_a-lock.o)
 .text.__retarget_lock_release
                0x00000000        0x4 c:/progra~2/gnuarm~1/102021~1.10/bin/../lib/gcc/arm-none-eabi/10.3.1/../../../../arm-none-eabi/lib/thumb/v7-m/nofp\libg.a(lib_a-lock.o)
 .bss.__lock___arc4random_mutex
                0x00000000        0x1 c:/progra~2/gnuarm~1/102021~1.10/bin/../lib/gcc/arm-none-eabi/10.3.1/../../../../arm-none-eabi/lib/thumb/v7-m/nofp\libg.a(lib_a-lock.o)
 .bss.__lock___at_quick_exit_mutex
                0x00000000        0x1 c:/progra~2/gnuarm~1/102021~1.10/bin/../lib/gcc/arm-none-eabi/10.3.1/../../../../arm-none-eabi/lib/thumb/v7-m/nofp\libg.a(lib_a-lock.o)
 .bss.__lock___dd_hash_mutex
                0x00000000        0x1 c:/progra~2/gnuarm~1/102021~1.10/bin/../lib/gcc/arm-none-eabi/10.3.1/../../../../arm-none-eabi/lib/thumb/v7-m/nofp\libg.a(lib_a-lock.o)
 .bss.__lock___env_recursive_mutex
                0x00000000        0x1 c:/progra~2/gnuarm~1/102021~1.10/bin/../lib/gcc/arm-none-eabi/10.3.1/../../../../arm-none-eabi/lib/thumb/v7-m/nofp\libg.a(lib_a-lock.o)
 .bss.__lock___malloc_recursive_mutex
                0x00000000        0x1 c:/progra~2/gnuarm~1/102021~1.10/bin/../lib/gcc/arm-none-eabi/10.3.1/../../../../arm-none-eabi/lib/thumb/v7-m/nofp\libg.a(lib_a-lock.o)
 .bss.__lock___sfp_recursive_mutex
                0x00000000        0x1 c:/progra~2/gnuarm~1/102021~1.10/bin/../lib/gcc/arm-none-eabi/10.3.1/../../../../arm-none-eabi/lib/thumb/v7-m/nofp\libg.a(lib_a-lock.o)
 .bss.__lock___sinit_recursive_mutex
                0x00000000        0x1 c:/progra~2/gnuarm~1/102021~1.10/bin/../lib/gcc/arm-none-eabi/10.3.1/../../../../arm-none-eabi/lib/thumb/v7-m/nofp\libg.a(lib_a-lock.o)
 .bss.__lock___tz_mutex
                0x00000000        0x1 c:/progra~2/gnuarm~1/102021~1.10/bin/../lib/gcc/arm-none-eabi/10.3.1/../../../../arm-none-eabi/lib/thumb/v7-m/nofp\libg.a(lib_a-lock.o)
 .text          0x00000000        0x0 c:/progra~2/gnuarm~1/102021~1.10/bin/../lib/gcc/arm-none-eabi/10.3.1/../../../../arm-none-eabi/lib/thumb/v7-m/nofp\libg.a(lib_a-__atexit.o)
 .data          0x00000000        0x0 c:/progra~2/gnuarm~1/102021~1.10/bin/../lib/gcc/arm-none-eabi/10.3.1/../../../../arm-none-eabi/lib/thumb/v7-m/nofp\libg.a(lib_a-__atexit.o)
 .bss           0x00000000        0x0 c:/progra~2/gnuarm~1/102021~1.10/bin/../lib/gcc/arm-none-eabi/10.3.1/../../../../arm-none-eabi/lib/thumb/v7-m/nofp\libg.a(lib_a-__atexit.o)
 .text          0x00000000        0x0 c:/progra~2/gnuarm~1/102021~1.10/bin/../lib/gcc/arm-none-eabi/10.3.1/thumb/v7-m/nofp/crtend.o
 .data          0x00000000        0x0 c:/progra~2/gnuarm~1/102021~1.10/bin/../lib/gcc/arm-none-eabi/10.3.1/thumb/v7-m/nofp/crtend.o
 .bss           0x00000000        0x0 c:/progra~2/gnuarm~1/102021~1.10/bin/../lib/gcc/arm-none-eabi/10.3.1/thumb/v7-m/nofp/crtend.o
 .rodata        0x00000000       0x24 c:/progra~2/gnuarm~1/102021~1.10/bin/../lib/gcc/arm-none-eabi/10.3.1/thumb/v7-m/nofp/crtend.o
 .eh_frame      0x00000000        0x4 c:/progra~2/gnuarm~1/102021~1.10/bin/../lib/gcc/arm-none-eabi/10.3.1/thumb/v7-m/nofp/crtend.o
 .ARM.attributes
                0x00000000       0x2d c:/progra~2/gnuarm~1/102021~1.10/bin/../lib/gcc/arm-none-eabi/10.3.1/thumb/v7-m/nofp/crtend.o
 .text          0x00000000        0x0 c:/progra~2/gnuarm~1/102021~1.10/bin/../lib/gcc/arm-none-eabi/10.3.1/thumb/v7-m/nofp/crtn.o
 .data          0x00000000        0x0 c:/progra~2/gnuarm~1/102021~1.10/bin/../lib/gcc/arm-none-eabi/10.3.1/thumb/v7-m/nofp/crtn.o
 .bss           0x00000000        0x0 c:/progra~2/gnuarm~1/102021~1.10/bin/../lib/gcc/arm-none-eabi/10.3.1/thumb/v7-m/nofp/crtn.o

Memory Configuration

Name             Origin             Length             Attributes
RAM              0x20000000         0x00005000         xrw
FLASH            0x08000000         0x00010000         xr
*default*        0x00000000         0xffffffff

Linker script and memory map

LOAD c:/progra~2/gnuarm~1/102021~1.10/bin/../lib/gcc/arm-none-eabi/10.3.1/thumb/v7-m/nofp/crti.o
LOAD c:/progra~2/gnuarm~1/102021~1.10/bin/../lib/gcc/arm-none-eabi/10.3.1/thumb/v7-m/nofp/crtbegin.o
LOAD c:/progra~2/gnuarm~1/102021~1.10/bin/../lib/gcc/arm-none-eabi/10.3.1/../../../../arm-none-eabi/lib/thumb/v7-m/nofp/crt0.o
LOAD CMakeFiles\Ant.elf.dir\Core\Src\main.c.obj
LOAD CMakeFiles\Ant.elf.dir\Core\Src\stm32f1xx_hal_msp.c.obj
LOAD CMakeFiles\Ant.elf.dir\Core\Src\stm32f1xx_it.c.obj
LOAD CMakeFiles\Ant.elf.dir\Core\Src\syscalls.c.obj
LOAD CMakeFiles\Ant.elf.dir\Core\Src\system_stm32f1xx.c.obj
LOAD CMakeFiles\Ant.elf.dir\Drivers\STM32F1xx_HAL_Driver\Src\stm32f1xx_hal.c.obj
LOAD CMakeFiles\Ant.elf.dir\Drivers\STM32F1xx_HAL_Driver\Src\stm32f1xx_hal_cortex.c.obj
LOAD CMakeFiles\Ant.elf.dir\Drivers\STM32F1xx_HAL_Driver\Src\stm32f1xx_hal_dma.c.obj
LOAD CMakeFiles\Ant.elf.dir\Drivers\STM32F1xx_HAL_Driver\Src\stm32f1xx_hal_exti.c.obj
LOAD CMakeFiles\Ant.elf.dir\Drivers\STM32F1xx_HAL_Driver\Src\stm32f1xx_hal_flash.c.obj
LOAD CMakeFiles\Ant.elf.dir\Drivers\STM32F1xx_HAL_Driver\Src\stm32f1xx_hal_flash_ex.c.obj
LOAD CMakeFiles\Ant.elf.dir\Drivers\STM32F1xx_HAL_Driver\Src\stm32f1xx_hal_gpio.c.obj
LOAD CMakeFiles\Ant.elf.dir\Drivers\STM32F1xx_HAL_Driver\Src\stm32f1xx_hal_gpio_ex.c.obj
LOAD CMakeFiles\Ant.elf.dir\Drivers\STM32F1xx_HAL_Driver\Src\stm32f1xx_hal_pwr.c.obj
LOAD CMakeFiles\Ant.elf.dir\Drivers\STM32F1xx_HAL_Driver\Src\stm32f1xx_hal_rcc.c.obj
LOAD CMakeFiles\Ant.elf.dir\Drivers\STM32F1xx_HAL_Driver\Src\stm32f1xx_hal_rcc_ex.c.obj
LOAD CMakeFiles\Ant.elf.dir\Drivers\STM32F1xx_HAL_Driver\Src\stm32f1xx_hal_tim.c.obj
LOAD CMakeFiles\Ant.elf.dir\Drivers\STM32F1xx_HAL_Driver\Src\stm32f1xx_hal_tim_ex.c.obj
LOAD CMakeFiles\Ant.elf.dir\startup\startup_stm32f103xb.s.obj
START GROUP
LOAD c:/progra~2/gnuarm~1/102021~1.10/bin/../lib/gcc/arm-none-eabi/10.3.1/thumb/v7-m/nofp\libgcc.a
LOAD c:/progra~2/gnuarm~1/102021~1.10/bin/../lib/gcc/arm-none-eabi/10.3.1/../../../../arm-none-eabi/lib/thumb/v7-m/nofp\libg.a
LOAD c:/progra~2/gnuarm~1/102021~1.10/bin/../lib/gcc/arm-none-eabi/10.3.1/../../../../arm-none-eabi/lib/thumb/v7-m/nofp\libc.a
END GROUP
LOAD c:/progra~2/gnuarm~1/102021~1.10/bin/../lib/gcc/arm-none-eabi/10.3.1/thumb/v7-m/nofp/crtend.o
LOAD c:/progra~2/gnuarm~1/102021~1.10/bin/../lib/gcc/arm-none-eabi/10.3.1/thumb/v7-m/nofp/crtn.o
                0x20005000                _estack = 0x20005000
                0x00000200                _Min_Heap_Size = 0x200
                0x00000400                _Min_Stack_Size = 0x400

.isr_vector     0x08000000      0x10c
                0x08000000                . = ALIGN (0x4)
 *(.isr_vector)
 .isr_vector    0x08000000      0x10c CMakeFiles\Ant.elf.dir\startup\startup_stm32f103xb.s.obj
                0x08000000                g_pfnVectors
                0x0800010c                . = ALIGN (0x4)

.text           0x0800010c      0xa9c
                0x0800010c                . = ALIGN (0x4)
 *(.text)
 .text          0x0800010c       0x40 c:/progra~2/gnuarm~1/102021~1.10/bin/../lib/gcc/arm-none-eabi/10.3.1/thumb/v7-m/nofp/crtbegin.o
 *(.text*)
 .text.Error_Handler
                0x0800014c        0x4 CMakeFiles\Ant.elf.dir\Core\Src\main.c.obj
                0x0800014c                Error_Handler
 .text.SystemClock_Config
                0x08000150       0x52 CMakeFiles\Ant.elf.dir\Core\Src\main.c.obj
                0x08000150                SystemClock_Config
 .text.main     0x080001a2        0xc CMakeFiles\Ant.elf.dir\Core\Src\main.c.obj
                0x080001a2                main
 *fill*         0x080001ae        0x2 
 .text.HAL_MspInit
                0x080001b0       0x44 CMakeFiles\Ant.elf.dir\Core\Src\stm32f1xx_hal_msp.c.obj
                0x080001b0                HAL_MspInit
 .text.NMI_Handler
                0x080001f4        0x2 CMakeFiles\Ant.elf.dir\Core\Src\stm32f1xx_it.c.obj
                0x080001f4                NMI_Handler
 .text.HardFault_Handler
                0x080001f6        0x2 CMakeFiles\Ant.elf.dir\Core\Src\stm32f1xx_it.c.obj
                0x080001f6                HardFault_Handler
 .text.MemManage_Handler
                0x080001f8        0x2 CMakeFiles\Ant.elf.dir\Core\Src\stm32f1xx_it.c.obj
                0x080001f8                MemManage_Handler
 .text.BusFault_Handler
                0x080001fa        0x2 CMakeFiles\Ant.elf.dir\Core\Src\stm32f1xx_it.c.obj
                0x080001fa                BusFault_Handler
 .text.UsageFault_Handler
                0x080001fc        0x2 CMakeFiles\Ant.elf.dir\Core\Src\stm32f1xx_it.c.obj
                0x080001fc                UsageFault_Handler
 .text.SVC_Handler
                0x080001fe        0x2 CMakeFiles\Ant.elf.dir\Core\Src\stm32f1xx_it.c.obj
                0x080001fe                SVC_Handler
 .text.DebugMon_Handler
                0x08000200        0x2 CMakeFiles\Ant.elf.dir\Core\Src\stm32f1xx_it.c.obj
                0x08000200                DebugMon_Handler
 .text.PendSV_Handler
                0x08000202        0x2 CMakeFiles\Ant.elf.dir\Core\Src\stm32f1xx_it.c.obj
                0x08000202                PendSV_Handler
 .text.SysTick_Handler
                0x08000204        0x8 CMakeFiles\Ant.elf.dir\Core\Src\stm32f1xx_it.c.obj
                0x08000204                SysTick_Handler
 .text.SystemInit
                0x0800020c        0x2 CMakeFiles\Ant.elf.dir\Core\Src\system_stm32f1xx.c.obj
                0x0800020c                SystemInit
 *fill*         0x0800020e        0x2 
 .text.HAL_InitTick
                0x08000210       0x4c CMakeFiles\Ant.elf.dir\Drivers\STM32F1xx_HAL_Driver\Src\stm32f1xx_hal.c.obj
                0x08000210                HAL_InitTick
 .text.HAL_Init
                0x0800025c       0x24 CMakeFiles\Ant.elf.dir\Drivers\STM32F1xx_HAL_Driver\Src\stm32f1xx_hal.c.obj
                0x0800025c                HAL_Init
 .text.HAL_IncTick
                0x08000280       0x18 CMakeFiles\Ant.elf.dir\Drivers\STM32F1xx_HAL_Driver\Src\stm32f1xx_hal.c.obj
                0x08000280                HAL_IncTick
 .text.HAL_GetTick
                0x08000298        0xc CMakeFiles\Ant.elf.dir\Drivers\STM32F1xx_HAL_Driver\Src\stm32f1xx_hal.c.obj
                0x08000298                HAL_GetTick
 .text.HAL_NVIC_SetPriorityGrouping
                0x080002a4       0x24 CMakeFiles\Ant.elf.dir\Drivers\STM32F1xx_HAL_Driver\Src\stm32f1xx_hal_cortex.c.obj
                0x080002a4                HAL_NVIC_SetPriorityGrouping
 .text.HAL_NVIC_SetPriority
                0x080002c8       0x70 CMakeFiles\Ant.elf.dir\Drivers\STM32F1xx_HAL_Driver\Src\stm32f1xx_hal_cortex.c.obj
                0x080002c8                HAL_NVIC_SetPriority
 .text.HAL_SYSTICK_Config
                0x08000338       0x28 CMakeFiles\Ant.elf.dir\Drivers\STM32F1xx_HAL_Driver\Src\stm32f1xx_hal_cortex.c.obj
                0x08000338                HAL_SYSTICK_Config
 .text.RCC_Delay
                0x08000360       0x2c CMakeFiles\Ant.elf.dir\Drivers\STM32F1xx_HAL_Driver\Src\stm32f1xx_hal_rcc.c.obj
 .text.HAL_RCC_OscConfig
                0x0800038c      0x410 CMakeFiles\Ant.elf.dir\Drivers\STM32F1xx_HAL_Driver\Src\stm32f1xx_hal_rcc.c.obj
                0x0800038c                HAL_RCC_OscConfig
 .text.HAL_RCC_GetSysClockFreq
                0x0800079c       0x70 CMakeFiles\Ant.elf.dir\Drivers\STM32F1xx_HAL_Driver\Src\stm32f1xx_hal_rcc.c.obj
                0x0800079c                HAL_RCC_GetSysClockFreq
 .text.HAL_RCC_ClockConfig
                0x0800080c      0x16c CMakeFiles\Ant.elf.dir\Drivers\STM32F1xx_HAL_Driver\Src\stm32f1xx_hal_rcc.c.obj
                0x0800080c                HAL_RCC_ClockConfig
 .text.Reset_Handler
                0x08000978       0x48 CMakeFiles\Ant.elf.dir\startup\startup_stm32f103xb.s.obj
                0x08000978                Reset_Handler
 .text.Default_Handler
                0x080009c0        0x2 CMakeFiles\Ant.elf.dir\startup\startup_stm32f103xb.s.obj
                0x080009c0                RTC_Alarm_IRQHandler
                0x080009c0                EXTI2_IRQHandler
                0x080009c0                TIM1_CC_IRQHandler
                0x080009c0                PVD_IRQHandler
                0x080009c0                EXTI3_IRQHandler
                0x080009c0                EXTI0_IRQHandler
                0x080009c0                I2C2_EV_IRQHandler
                0x080009c0                ADC1_2_IRQHandler
                0x080009c0                SPI1_IRQHandler
                0x080009c0                TAMPER_IRQHandler
                0x080009c0                DMA1_Channel4_IRQHandler
                0x080009c0                USART3_IRQHandler
                0x080009c0                RTC_IRQHandler
                0x080009c0                DMA1_Channel7_IRQHandler
                0x080009c0                CAN1_RX1_IRQHandler
                0x080009c0                TIM4_IRQHandler
                0x080009c0                I2C1_EV_IRQHandler
                0x080009c0                DMA1_Channel6_IRQHandler
                0x080009c0                TIM3_IRQHandler
                0x080009c0                RCC_IRQHandler
                0x080009c0                TIM1_TRG_COM_IRQHandler
                0x080009c0                DMA1_Channel1_IRQHandler
                0x080009c0                Default_Handler
                0x080009c0                EXTI15_10_IRQHandler
                0x080009c0                EXTI9_5_IRQHandler
                0x080009c0                SPI2_IRQHandler
                0x080009c0                DMA1_Channel5_IRQHandler
                0x080009c0                EXTI4_IRQHandler
                0x080009c0                USB_LP_CAN1_RX0_IRQHandler
                0x080009c0                USB_HP_CAN1_TX_IRQHandler
                0x080009c0                DMA1_Channel3_IRQHandler
                0x080009c0                TIM1_UP_IRQHandler
                0x080009c0                WWDG_IRQHandler
                0x080009c0                TIM2_IRQHandler
                0x080009c0                TIM1_BRK_IRQHandler
                0x080009c0                EXTI1_IRQHandler
                0x080009c0                USART2_IRQHandler
                0x080009c0                I2C2_ER_IRQHandler
                0x080009c0                DMA1_Channel2_IRQHandler
                0x080009c0                CAN1_SCE_IRQHandler
                0x080009c0                FLASH_IRQHandler
                0x080009c0                USART1_IRQHandler
                0x080009c0                I2C1_ER_IRQHandler
                0x080009c0                USBWakeUp_IRQHandler
 *fill*         0x080009c2        0x2 
 .text.__libc_init_array
                0x080009c4       0x48 c:/progra~2/gnuarm~1/102021~1.10/bin/../lib/gcc/arm-none-eabi/10.3.1/../../../../arm-none-eabi/lib/thumb/v7-m/nofp\libg.a(lib_a-init.o)
                0x080009c4                __libc_init_array
 .text.memset   0x08000a0c       0xa4 c:/progra~2/gnuarm~1/102021~1.10/bin/../lib/gcc/arm-none-eabi/10.3.1/../../../../arm-none-eabi/lib/thumb/v7-m/nofp\libg.a(lib_a-memset.o)
                0x08000a0c                memset
 .text.startup.register_fini
                0x08000ab0       0x14 c:/progra~2/gnuarm~1/102021~1.10/bin/../lib/gcc/arm-none-eabi/10.3.1/../../../../arm-none-eabi/lib/thumb/v7-m/nofp\libg.a(lib_a-__call_atexit.o)
 .text.atexit   0x08000ac4        0xc c:/progra~2/gnuarm~1/102021~1.10/bin/../lib/gcc/arm-none-eabi/10.3.1/../../../../arm-none-eabi/lib/thumb/v7-m/nofp\libg.a(lib_a-atexit.o)
                0x08000ac4                atexit
 .text.__libc_fini_array
                0x08000ad0       0x2c c:/progra~2/gnuarm~1/102021~1.10/bin/../lib/gcc/arm-none-eabi/10.3.1/../../../../arm-none-eabi/lib/thumb/v7-m/nofp\libg.a(lib_a-fini.o)
                0x08000ad0                __libc_fini_array
 .text.__retarget_lock_acquire_recursive
                0x08000afc        0x4 c:/progra~2/gnuarm~1/102021~1.10/bin/../lib/gcc/arm-none-eabi/10.3.1/../../../../arm-none-eabi/lib/thumb/v7-m/nofp\libg.a(lib_a-lock.o)
                0x08000afc                __retarget_lock_acquire_recursive
 .text.__retarget_lock_release_recursive
                0x08000b00        0x4 c:/progra~2/gnuarm~1/102021~1.10/bin/../lib/gcc/arm-none-eabi/10.3.1/../../../../arm-none-eabi/lib/thumb/v7-m/nofp\libg.a(lib_a-lock.o)
                0x08000b00                __retarget_lock_release_recursive
 .text.__register_exitproc
                0x08000b04       0x8c c:/progra~2/gnuarm~1/102021~1.10/bin/../lib/gcc/arm-none-eabi/10.3.1/../../../../arm-none-eabi/lib/thumb/v7-m/nofp\libg.a(lib_a-__atexit.o)
                0x08000b04                __register_exitproc
 *(.glue_7)
 .glue_7        0x08000b90        0x0 linker stubs
 *(.glue_7t)
 .glue_7t       0x08000b90        0x0 linker stubs
 *(.eh_frame)
 .eh_frame      0x08000b90        0x0 c:/progra~2/gnuarm~1/102021~1.10/bin/../lib/gcc/arm-none-eabi/10.3.1/thumb/v7-m/nofp/crtbegin.o
 *(.init)
 .init          0x08000b90        0x4 c:/progra~2/gnuarm~1/102021~1.10/bin/../lib/gcc/arm-none-eabi/10.3.1/thumb/v7-m/nofp/crti.o
                0x08000b90                _init
 .init          0x08000b94        0x8 c:/progra~2/gnuarm~1/102021~1.10/bin/../lib/gcc/arm-none-eabi/10.3.1/thumb/v7-m/nofp/crtn.o
 *(.fini)
 .fini          0x08000b9c        0x4 c:/progra~2/gnuarm~1/102021~1.10/bin/../lib/gcc/arm-none-eabi/10.3.1/thumb/v7-m/nofp/crti.o
                0x08000b9c                _fini
 .fini          0x08000ba0        0x8 c:/progra~2/gnuarm~1/102021~1.10/bin/../lib/gcc/arm-none-eabi/10.3.1/thumb/v7-m/nofp/crtn.o
                0x08000ba8                . = ALIGN (0x4)
                0x08000ba8                _etext = .

.vfp11_veneer   0x08000ba8        0x0
 .vfp11_veneer  0x08000ba8        0x0 linker stubs

.v4_bx          0x08000ba8        0x0
 .v4_bx         0x08000ba8        0x0 linker stubs

.iplt           0x08000ba8        0x0
 .iplt          0x08000ba8        0x0 c:/progra~2/gnuarm~1/102021~1.10/bin/../lib/gcc/arm-none-eabi/10.3.1/thumb/v7-m/nofp/crtbegin.o

.rodata         0x08000ba8       0x28
                0x08000ba8                . = ALIGN (0x4)
 *(.rodata)
 *(.rodata*)
 .rodata.AHBPrescTable
                0x08000ba8       0x10 CMakeFiles\Ant.elf.dir\Core\Src\system_stm32f1xx.c.obj
                0x08000ba8                AHBPrescTable
 .rodata.HAL_RCC_GetSysClockFreq.str1.4
                0x08000bb8       0x11 CMakeFiles\Ant.elf.dir\Drivers\STM32F1xx_HAL_Driver\Src\stm32f1xx_hal_rcc.c.obj
 *fill*         0x08000bc9        0x3 
 .rodata._global_impure_ptr
                0x08000bcc        0x4 c:/progra~2/gnuarm~1/102021~1.10/bin/../lib/gcc/arm-none-eabi/10.3.1/../../../../arm-none-eabi/lib/thumb/v7-m/nofp\libg.a(lib_a-impure.o)
                0x08000bcc                _global_impure_ptr
                0x08000bd0                . = ALIGN (0x4)

.rel.dyn        0x08000bd0        0x0
 .rel.iplt      0x08000bd0        0x0 c:/progra~2/gnuarm~1/102021~1.10/bin/../lib/gcc/arm-none-eabi/10.3.1/thumb/v7-m/nofp/crtbegin.o

.ARM.extab
 *(.ARM.extab* .gnu.linkonce.armextab.*)

.ARM            0x08000bd0        0x0
                0x08000bd0                __exidx_start = .
 *(.ARM.exidx*)
                0x08000bd0                __exidx_end = .

.preinit_array  0x08000bd0        0x0
                0x08000bd0                PROVIDE (__preinit_array_start = .)
 *(.preinit_array*)
                0x08000bd0                PROVIDE (__preinit_array_end = .)

.init_array     0x08000bd0        0x8
                0x08000bd0                PROVIDE (__init_array_start = .)
 *(SORT_BY_NAME(.init_array.*))
 .init_array.00000
                0x08000bd0        0x4 c:/progra~2/gnuarm~1/102021~1.10/bin/../lib/gcc/arm-none-eabi/10.3.1/../../../../arm-none-eabi/lib/thumb/v7-m/nofp\libg.a(lib_a-__call_atexit.o)
 *(.init_array*)
 .init_array    0x08000bd4        0x4 c:/progra~2/gnuarm~1/102021~1.10/bin/../lib/gcc/arm-none-eabi/10.3.1/thumb/v7-m/nofp/crtbegin.o
                0x08000bd8                PROVIDE (__init_array_end = .)

.fini_array     0x08000bd8        0x4
                0x08000bd8                PROVIDE (__fini_array_start = .)
 *(SORT_BY_NAME(.fini_array.*))
 *(.fini_array*)
 .fini_array    0x08000bd8        0x4 c:/progra~2/gnuarm~1/102021~1.10/bin/../lib/gcc/arm-none-eabi/10.3.1/thumb/v7-m/nofp/crtbegin.o
                0x08000bdc                PROVIDE (__fini_array_end = .)
                0x08000bdc                _sidata = LOADADDR (.data)

.data           0x20000000      0x43c load address 0x08000bdc
                0x20000000                . = ALIGN (0x4)
                0x20000000                _sdata = .
 *(.data)
 *(.data*)
 .data.SystemCoreClock
                0x20000000        0x4 CMakeFiles\Ant.elf.dir\Core\Src\system_stm32f1xx.c.obj
                0x20000000                SystemCoreClock
 .data.uwTickFreq
                0x20000004        0x1 CMakeFiles\Ant.elf.dir\Drivers\STM32F1xx_HAL_Driver\Src\stm32f1xx_hal.c.obj
                0x20000004                uwTickFreq
 *fill*         0x20000005        0x3 
 .data.uwTickPrio
                0x20000008        0x4 CMakeFiles\Ant.elf.dir\Drivers\STM32F1xx_HAL_Driver\Src\stm32f1xx_hal.c.obj
                0x20000008                uwTickPrio
 *fill*         0x2000000c        0x4 
 .data.impure_data
                0x20000010      0x428 c:/progra~2/gnuarm~1/102021~1.10/bin/../lib/gcc/arm-none-eabi/10.3.1/../../../../arm-none-eabi/lib/thumb/v7-m/nofp\libg.a(lib_a-impure.o)
 .data.__atexit_recursive_mutex
                0x20000438        0x4 c:/progra~2/gnuarm~1/102021~1.10/bin/../lib/gcc/arm-none-eabi/10.3.1/../../../../arm-none-eabi/lib/thumb/v7-m/nofp\libg.a(lib_a-__call_atexit.o)
                0x20000438                __atexit_recursive_mutex
                0x2000043c                . = ALIGN (0x4)
                0x2000043c                _edata = .

.igot.plt       0x2000043c        0x0 load address 0x08001018
 .igot.plt      0x2000043c        0x0 c:/progra~2/gnuarm~1/102021~1.10/bin/../lib/gcc/arm-none-eabi/10.3.1/thumb/v7-m/nofp/crtbegin.o
                0x2000043c                . = ALIGN (0x4)

.bss            0x2000043c       0x24 load address 0x08001018
                0x2000043c                _sbss = .
                0x2000043c                __bss_start__ = _sbss
 *(.bss)
 .bss           0x2000043c       0x1c c:/progra~2/gnuarm~1/102021~1.10/bin/../lib/gcc/arm-none-eabi/10.3.1/thumb/v7-m/nofp/crtbegin.o
 *(.bss*)
 .bss.uwTick    0x20000458        0x4 CMakeFiles\Ant.elf.dir\Drivers\STM32F1xx_HAL_Driver\Src\stm32f1xx_hal.c.obj
                0x20000458                uwTick
 .bss.__lock___atexit_recursive_mutex
                0x2000045c        0x1 c:/progra~2/gnuarm~1/102021~1.10/bin/../lib/gcc/arm-none-eabi/10.3.1/../../../../arm-none-eabi/lib/thumb/v7-m/nofp\libg.a(lib_a-lock.o)
                0x2000045c                __lock___atexit_recursive_mutex
 *(COMMON)
                0x20000460                . = ALIGN (0x4)
 *fill*         0x2000045d        0x3 
                0x20000460                _ebss = .
                0x20000460                __bss_end__ = _ebss

._user_heap_stack
                0x20000460      0x600 load address 0x08001018
                0x20000460                . = ALIGN (0x8)
                0x20000460                PROVIDE (end = .)
                [!provide]                PROVIDE (_end = .)
                0x20000660                . = (. + _Min_Heap_Size)
 *fill*         0x20000460      0x200 
                0x20000a60                . = (. + _Min_Stack_Size)
 *fill*         0x20000660      0x400 
                0x20000a60                . = ALIGN (0x8)

/DISCARD/
 libc.a(*)
 libm.a(*)
 libgcc.a(*)

.ARM.attributes
                0x00000000       0x29
 *(.ARM.attributes)
 .ARM.attributes
                0x00000000       0x1d c:/progra~2/gnuarm~1/102021~1.10/bin/../lib/gcc/arm-none-eabi/10.3.1/thumb/v7-m/nofp/crti.o
 .ARM.attributes
                0x0000001d       0x2d c:/progra~2/gnuarm~1/102021~1.10/bin/../lib/gcc/arm-none-eabi/10.3.1/thumb/v7-m/nofp/crtbegin.o
 .ARM.attributes
                0x0000004a       0x2d CMakeFiles\Ant.elf.dir\Core\Src\main.c.obj
 .ARM.attributes
                0x00000077       0x2d CMakeFiles\Ant.elf.dir\Core\Src\stm32f1xx_hal_msp.c.obj
 .ARM.attributes
                0x000000a4       0x2d CMakeFiles\Ant.elf.dir\Core\Src\stm32f1xx_it.c.obj
 .ARM.attributes
                0x000000d1       0x2d CMakeFiles\Ant.elf.dir\Core\Src\system_stm32f1xx.c.obj
 .ARM.attributes
                0x000000fe       0x2d CMakeFiles\Ant.elf.dir\Drivers\STM32F1xx_HAL_Driver\Src\stm32f1xx_hal.c.obj
 .ARM.attributes
                0x0000012b       0x2d CMakeFiles\Ant.elf.dir\Drivers\STM32F1xx_HAL_Driver\Src\stm32f1xx_hal_cortex.c.obj
 .ARM.attributes
                0x00000158       0x2d CMakeFiles\Ant.elf.dir\Drivers\STM32F1xx_HAL_Driver\Src\stm32f1xx_hal_rcc.c.obj
 .ARM.attributes
                0x00000185       0x21 CMakeFiles\Ant.elf.dir\startup\startup_stm32f103xb.s.obj
 .ARM.attributes
                0x000001a6       0x2d c:/progra~2/gnuarm~1/102021~1.10/bin/../lib/gcc/arm-none-eabi/10.3.1/../../../../arm-none-eabi/lib/thumb/v7-m/nofp\libg.a(lib_a-impure.o)
 .ARM.attributes
                0x000001d3       0x2d c:/progra~2/gnuarm~1/102021~1.10/bin/../lib/gcc/arm-none-eabi/10.3.1/../../../../arm-none-eabi/lib/thumb/v7-m/nofp\libg.a(lib_a-init.o)
 .ARM.attributes
                0x00000200       0x2d c:/progra~2/gnuarm~1/102021~1.10/bin/../lib/gcc/arm-none-eabi/10.3.1/../../../../arm-none-eabi/lib/thumb/v7-m/nofp\libg.a(lib_a-memset.o)
 .ARM.attributes
                0x0000022d       0x2d c:/progra~2/gnuarm~1/102021~1.10/bin/../lib/gcc/arm-none-eabi/10.3.1/../../../../arm-none-eabi/lib/thumb/v7-m/nofp\libg.a(lib_a-__call_atexit.o)
 .ARM.attributes
                0x0000025a       0x2d c:/progra~2/gnuarm~1/102021~1.10/bin/../lib/gcc/arm-none-eabi/10.3.1/../../../../arm-none-eabi/lib/thumb/v7-m/nofp\libg.a(lib_a-atexit.o)
 .ARM.attributes
                0x00000287       0x2d c:/progra~2/gnuarm~1/102021~1.10/bin/../lib/gcc/arm-none-eabi/10.3.1/../../../../arm-none-eabi/lib/thumb/v7-m/nofp\libg.a(lib_a-fini.o)
 .ARM.attributes
                0x000002b4       0x2d c:/progra~2/gnuarm~1/102021~1.10/bin/../lib/gcc/arm-none-eabi/10.3.1/../../../../arm-none-eabi/lib/thumb/v7-m/nofp\libg.a(lib_a-lock.o)
 .ARM.attributes
                0x000002e1       0x2d c:/progra~2/gnuarm~1/102021~1.10/bin/../lib/gcc/arm-none-eabi/10.3.1/../../../../arm-none-eabi/lib/thumb/v7-m/nofp\libg.a(lib_a-__atexit.o)
 .ARM.attributes
                0x0000030e       0x1d c:/progra~2/gnuarm~1/102021~1.10/bin/../lib/gcc/arm-none-eabi/10.3.1/thumb/v7-m/nofp/crtn.o
OUTPUT(Ant.elf elf32-littlearm)
LOAD linker stubs
LOAD c:/progra~2/gnuarm~1/102021~1.10/bin/../lib/gcc/arm-none-eabi/10.3.1/../../../../arm-none-eabi/lib/thumb/v7-m/nofp\libc.a
LOAD c:/progra~2/gnuarm~1/102021~1.10/bin/../lib/gcc/arm-none-eabi/10.3.1/../../../../arm-none-eabi/lib/thumb/v7-m/nofp\libm.a
LOAD c:/progra~2/gnuarm~1/102021~1.10/bin/../lib/gcc/arm-none-eabi/10.3.1/thumb/v7-m/nofp\libgcc.a

.debug_info     0x00000000     0x2802
 .debug_info    0x00000000      0x2ef CMakeFiles\Ant.elf.dir\Core\Src\main.c.obj
 .debug_info    0x000002ef      0x211 CMakeFiles\Ant.elf.dir\Core\Src\stm32f1xx_hal_msp.c.obj
 .debug_info    0x00000500      0x130 CMakeFiles\Ant.elf.dir\Core\Src\stm32f1xx_it.c.obj
 .debug_info    0x00000630      0x248 CMakeFiles\Ant.elf.dir\Core\Src\system_stm32f1xx.c.obj
 .debug_info    0x00000878      0x7a8 CMakeFiles\Ant.elf.dir\Drivers\STM32F1xx_HAL_Driver\Src\stm32f1xx_hal.c.obj
 .debug_info    0x00001020      0xd8a CMakeFiles\Ant.elf.dir\Drivers\STM32F1xx_HAL_Driver\Src\stm32f1xx_hal_cortex.c.obj
 .debug_info    0x00001daa      0xa36 CMakeFiles\Ant.elf.dir\Drivers\STM32F1xx_HAL_Driver\Src\stm32f1xx_hal_rcc.c.obj
 .debug_info    0x000027e0       0x22 CMakeFiles\Ant.elf.dir\startup\startup_stm32f103xb.s.obj

.debug_abbrev   0x00000000      0xbb1
 .debug_abbrev  0x00000000      0x14f CMakeFiles\Ant.elf.dir\Core\Src\main.c.obj
 .debug_abbrev  0x0000014f       0xe5 CMakeFiles\Ant.elf.dir\Core\Src\stm32f1xx_hal_msp.c.obj
 .debug_abbrev  0x00000234       0x7e CMakeFiles\Ant.elf.dir\Core\Src\stm32f1xx_it.c.obj
 .debug_abbrev  0x000002b2      0x13e CMakeFiles\Ant.elf.dir\Core\Src\system_stm32f1xx.c.obj
 .debug_abbrev  0x000003f0      0x1f4 CMakeFiles\Ant.elf.dir\Drivers\STM32F1xx_HAL_Driver\Src\stm32f1xx_hal.c.obj
 .debug_abbrev  0x000005e4      0x341 CMakeFiles\Ant.elf.dir\Drivers\STM32F1xx_HAL_Driver\Src\stm32f1xx_hal_cortex.c.obj
 .debug_abbrev  0x00000925      0x27a CMakeFiles\Ant.elf.dir\Drivers\STM32F1xx_HAL_Driver\Src\stm32f1xx_hal_rcc.c.obj
 .debug_abbrev  0x00000b9f       0x12 CMakeFiles\Ant.elf.dir\startup\startup_stm32f103xb.s.obj

.debug_aranges  0x00000000      0x300
 .debug_aranges
                0x00000000       0x30 CMakeFiles\Ant.elf.dir\Core\Src\main.c.obj
 .debug_aranges
                0x00000030       0x20 CMakeFiles\Ant.elf.dir\Core\Src\stm32f1xx_hal_msp.c.obj
 .debug_aranges
                0x00000050       0x60 CMakeFiles\Ant.elf.dir\Core\Src\stm32f1xx_it.c.obj
 .debug_aranges
                0x000000b0       0x28 CMakeFiles\Ant.elf.dir\Core\Src\system_stm32f1xx.c.obj
 .debug_aranges
                0x000000d8       0xe0 CMakeFiles\Ant.elf.dir\Drivers\STM32F1xx_HAL_Driver\Src\stm32f1xx_hal.c.obj
 .debug_aranges
                0x000001b8       0x90 CMakeFiles\Ant.elf.dir\Drivers\STM32F1xx_HAL_Driver\Src\stm32f1xx_hal_cortex.c.obj
 .debug_aranges
                0x00000248       0x90 CMakeFiles\Ant.elf.dir\Drivers\STM32F1xx_HAL_Driver\Src\stm32f1xx_hal_rcc.c.obj
 .debug_aranges
                0x000002d8       0x28 CMakeFiles\Ant.elf.dir\startup\startup_stm32f103xb.s.obj

.debug_ranges   0x00000000      0x308
 .debug_ranges  0x00000000       0x20 CMakeFiles\Ant.elf.dir\Core\Src\main.c.obj
 .debug_ranges  0x00000020       0x10 CMakeFiles\Ant.elf.dir\Core\Src\stm32f1xx_hal_msp.c.obj
 .debug_ranges  0x00000030       0x50 CMakeFiles\Ant.elf.dir\Core\Src\stm32f1xx_it.c.obj
 .debug_ranges  0x00000080       0x18 CMakeFiles\Ant.elf.dir\Core\Src\system_stm32f1xx.c.obj
 .debug_ranges  0x00000098       0xd0 CMakeFiles\Ant.elf.dir\Drivers\STM32F1xx_HAL_Driver\Src\stm32f1xx_hal.c.obj
 .debug_ranges  0x00000168       0xe0 CMakeFiles\Ant.elf.dir\Drivers\STM32F1xx_HAL_Driver\Src\stm32f1xx_hal_cortex.c.obj
 .debug_ranges  0x00000248       0xa0 CMakeFiles\Ant.elf.dir\Drivers\STM32F1xx_HAL_Driver\Src\stm32f1xx_hal_rcc.c.obj
 .debug_ranges  0x000002e8       0x20 CMakeFiles\Ant.elf.dir\startup\startup_stm32f103xb.s.obj

.debug_line     0x00000000     0x21aa
 .debug_line    0x00000000      0x2d6 CMakeFiles\Ant.elf.dir\Core\Src\main.c.obj
 .debug_line    0x000002d6      0x191 CMakeFiles\Ant.elf.dir\Core\Src\stm32f1xx_hal_msp.c.obj
 .debug_line    0x00000467      0x1cb CMakeFiles\Ant.elf.dir\Core\Src\stm32f1xx_it.c.obj
 .debug_line    0x00000632      0x25a CMakeFiles\Ant.elf.dir\Core\Src\system_stm32f1xx.c.obj
 .debug_line    0x0000088c      0x596 CMakeFiles\Ant.elf.dir\Drivers\STM32F1xx_HAL_Driver\Src\stm32f1xx_hal.c.obj
 .debug_line    0x00000e22      0x677 CMakeFiles\Ant.elf.dir\Drivers\STM32F1xx_HAL_Driver\Src\stm32f1xx_hal_cortex.c.obj
 .debug_line    0x00001499      0xc6a CMakeFiles\Ant.elf.dir\Drivers\STM32F1xx_HAL_Driver\Src\stm32f1xx_hal_rcc.c.obj
 .debug_line    0x00002103       0xa7 CMakeFiles\Ant.elf.dir\startup\startup_stm32f103xb.s.obj

.debug_str      0x00000000     0x1274
 .debug_str     0x00000000      0x34b CMakeFiles\Ant.elf.dir\Core\Src\main.c.obj
                                0x38f (size before relaxing)
 .debug_str     0x0000034b       0xc7 CMakeFiles\Ant.elf.dir\Core\Src\stm32f1xx_hal_msp.c.obj
                                0x26b (size before relaxing)
 .debug_str     0x00000412       0xde CMakeFiles\Ant.elf.dir\Core\Src\stm32f1xx_it.c.obj
                                0x26e (size before relaxing)
 .debug_str     0x000004f0       0xb5 CMakeFiles\Ant.elf.dir\Core\Src\system_stm32f1xx.c.obj
                                0x2a0 (size before relaxing)
 .debug_str     0x000005a5      0x626 CMakeFiles\Ant.elf.dir\Drivers\STM32F1xx_HAL_Driver\Src\stm32f1xx_hal.c.obj
                                0x870 (size before relaxing)
 .debug_str     0x00000bcb      0x3ec CMakeFiles\Ant.elf.dir\Drivers\STM32F1xx_HAL_Driver\Src\stm32f1xx_hal_cortex.c.obj
                                0x91f (size before relaxing)
 .debug_str     0x00000fb7      0x267 CMakeFiles\Ant.elf.dir\Drivers\STM32F1xx_HAL_Driver\Src\stm32f1xx_hal_rcc.c.obj
                                0x677 (size before relaxing)
 .debug_str     0x0000121e       0x56 CMakeFiles\Ant.elf.dir\startup\startup_stm32f103xb.s.obj
                                 0x92 (size before relaxing)

.comment        0x00000000       0x49
 .comment       0x00000000       0x49 CMakeFiles\Ant.elf.dir\Core\Src\main.c.obj
                                 0x4a (size before relaxing)
 .comment       0x00000049       0x4a CMakeFiles\Ant.elf.dir\Core\Src\stm32f1xx_hal_msp.c.obj
 .comment       0x00000049       0x4a CMakeFiles\Ant.elf.dir\Core\Src\stm32f1xx_it.c.obj
 .comment       0x00000049       0x4a CMakeFiles\Ant.elf.dir\Core\Src\system_stm32f1xx.c.obj
 .comment       0x00000049       0x4a CMakeFiles\Ant.elf.dir\Drivers\STM32F1xx_HAL_Driver\Src\stm32f1xx_hal.c.obj
 .comment       0x00000049       0x4a CMakeFiles\Ant.elf.dir\Drivers\STM32F1xx_HAL_Driver\Src\stm32f1xx_hal_cortex.c.obj
 .comment       0x00000049       0x4a CMakeFiles\Ant.elf.dir\Drivers\STM32F1xx_HAL_Driver\Src\stm32f1xx_hal_rcc.c.obj

.debug_frame    0x00000000      0x7b8
 .debug_frame   0x00000000       0x58 CMakeFiles\Ant.elf.dir\Core\Src\main.c.obj
 .debug_frame   0x00000058       0x28 CMakeFiles\Ant.elf.dir\Core\Src\stm32f1xx_hal_msp.c.obj
 .debug_frame   0x00000080       0xa8 CMakeFiles\Ant.elf.dir\Core\Src\stm32f1xx_it.c.obj
 .debug_frame   0x00000128       0x30 CMakeFiles\Ant.elf.dir\Core\Src\system_stm32f1xx.c.obj
 .debug_frame   0x00000158      0x1cc CMakeFiles\Ant.elf.dir\Drivers\STM32F1xx_HAL_Driver\Src\stm32f1xx_hal.c.obj
 .debug_frame   0x00000324      0x118 CMakeFiles\Ant.elf.dir\Drivers\STM32F1xx_HAL_Driver\Src\stm32f1xx_hal_cortex.c.obj
 .debug_frame   0x0000043c      0x190 CMakeFiles\Ant.elf.dir\Drivers\STM32F1xx_HAL_Driver\Src\stm32f1xx_hal_rcc.c.obj
 .debug_frame   0x000005cc       0x2c c:/progra~2/gnuarm~1/102021~1.10/bin/../lib/gcc/arm-none-eabi/10.3.1/../../../../arm-none-eabi/lib/thumb/v7-m/nofp\libg.a(lib_a-init.o)
 .debug_frame   0x000005f8       0x2c c:/progra~2/gnuarm~1/102021~1.10/bin/../lib/gcc/arm-none-eabi/10.3.1/../../../../arm-none-eabi/lib/thumb/v7-m/nofp\libg.a(lib_a-memset.o)
 .debug_frame   0x00000624       0x5c c:/progra~2/gnuarm~1/102021~1.10/bin/../lib/gcc/arm-none-eabi/10.3.1/../../../../arm-none-eabi/lib/thumb/v7-m/nofp\libg.a(lib_a-__call_atexit.o)
 .debug_frame   0x00000680       0x20 c:/progra~2/gnuarm~1/102021~1.10/bin/../lib/gcc/arm-none-eabi/10.3.1/../../../../arm-none-eabi/lib/thumb/v7-m/nofp\libg.a(lib_a-atexit.o)
 .debug_frame   0x000006a0       0x34 c:/progra~2/gnuarm~1/102021~1.10/bin/../lib/gcc/arm-none-eabi/10.3.1/../../../../arm-none-eabi/lib/thumb/v7-m/nofp\libg.a(lib_a-fini.o)
 .debug_frame   0x000006d4       0xb0 c:/progra~2/gnuarm~1/102021~1.10/bin/../lib/gcc/arm-none-eabi/10.3.1/../../../../arm-none-eabi/lib/thumb/v7-m/nofp\libg.a(lib_a-lock.o)
 .debug_frame   0x00000784       0x34 c:/progra~2/gnuarm~1/102021~1.10/bin/../lib/gcc/arm-none-eabi/10.3.1/../../../../arm-none-eabi/lib/thumb/v7-m/nofp\libg.a(lib_a-__atexit.o)

.debug_loc      0x00000000      0xfb2
 .debug_loc     0x00000000       0x15 CMakeFiles\Ant.elf.dir\Core\Src\stm32f1xx_hal_msp.c.obj
 .debug_loc     0x00000015       0xff CMakeFiles\Ant.elf.dir\Core\Src\system_stm32f1xx.c.obj
 .debug_loc     0x00000114      0x141 CMakeFiles\Ant.elf.dir\Drivers\STM32F1xx_HAL_Driver\Src\stm32f1xx_hal.c.obj
 .debug_loc     0x00000255      0x71f CMakeFiles\Ant.elf.dir\Drivers\STM32F1xx_HAL_Driver\Src\stm32f1xx_hal_cortex.c.obj
 .debug_loc     0x00000974      0x63e CMakeFiles\Ant.elf.dir\Drivers\STM32F1xx_HAL_Driver\Src\stm32f1xx_hal_rcc.c.obj
